
Discarded input sections

 .reginfo       0x00000000       0x18 asm/inventoryToPauseHook.o
 .MIPS.abiflags
                0x00000000       0x18 asm/inventoryToPauseHook.o
 .reginfo       0x00000000       0x18 asm/inventoryToGameplayHook.o
 .MIPS.abiflags
                0x00000000       0x18 asm/inventoryToGameplayHook.o
 .reginfo       0x00000000       0x18 asm/inventoryToCreditsHook.o
 .MIPS.abiflags
                0x00000000       0x18 asm/inventoryToCreditsHook.o
 .reginfo       0x00000000       0x18 asm/openInventoryHook.o
 .MIPS.abiflags
                0x00000000       0x18 asm/openInventoryHook.o
 .reginfo       0x00000000       0x18 asm/cheat.o
 .MIPS.abiflags
                0x00000000       0x18 asm/cheat.o
 .reginfo       0x00000000       0x18 asm/beforeInventoryUpdateHook.o
 .MIPS.abiflags
                0x00000000       0x18 asm/beforeInventoryUpdateHook.o
 .reginfo       0x00000000       0x18 asm/beforePauseMenuUpdateHook.o
 .MIPS.abiflags
                0x00000000       0x18 asm/beforePauseMenuUpdateHook.o
 .reginfo       0x00000000       0x18 asm/quitGame.o
 .MIPS.abiflags
                0x00000000       0x18 asm/quitGame.o
 .reginfo       0x00000000       0x18 asm/menuTextHook.o
 .MIPS.abiflags
                0x00000000       0x18 asm/menuTextHook.o
 .reginfo       0x00000000       0x18 asm/beforeMenuTextHook.o
 .MIPS.abiflags
                0x00000000       0x18 asm/beforeMenuTextHook.o
 .reginfo       0x00000000       0x18 asm/beforeDeathHook.o
 .MIPS.abiflags
                0x00000000       0x18 asm/beforeDeathHook.o
 .reginfo       0x00000000       0x18 asm/dontDrawText1_pal.o
 .MIPS.abiflags
                0x00000000       0x18 asm/dontDrawText1_pal.o
 .reginfo       0x00000000       0x18 asm/dontDrawText2_pal.o
 .MIPS.abiflags
                0x00000000       0x18 asm/dontDrawText2_pal.o
 .reginfo       0x00000000       0x18 asm/disableChargeSound_pal.o
 .MIPS.abiflags
                0x00000000       0x18 asm/disableChargeSound_pal.o
 .reginfo       0x00000000       0x18 asm/overwriteRawInputs.o
 .MIPS.abiflags
                0x00000000       0x18 asm/overwriteRawInputs.o
 .reginfo       0x00000000       0x18 asm/exitLevelHook.o
 .MIPS.abiflags
                0x00000000       0x18 asm/exitLevelHook.o
 .reginfo       0x00000000       0x18 asm/stopSoundHook.o
 .MIPS.abiflags
                0x00000000       0x18 asm/stopSoundHook.o
 .reginfo       0x00000000       0x18 asm/stopSoundHook2.o
 .MIPS.abiflags
                0x00000000       0x18 asm/stopSoundHook2.o
 .reginfo       0x00000000       0x18 asm/fairyFix.o
 .MIPS.abiflags
                0x00000000       0x18 asm/fairyFix.o
 .reginfo       0x00000000       0x18 src/custom_title_screen.o
 .MIPS.abiflags
                0x00000000       0x18 src/custom_title_screen.o
 .pdr           0x00000000       0x40 src/custom_title_screen.o
 .reginfo       0x00000000       0x18 src/menu_hooks.o
 .MIPS.abiflags
                0x00000000       0x18 src/menu_hooks.o
 .pdr           0x00000000      0x140 src/menu_hooks.o
 .reginfo       0x00000000       0x18 src/main.o
 .MIPS.abiflags
                0x00000000       0x18 src/main.o
 .pdr           0x00000000       0x40 src/main.o
 .reginfo       0x00000000       0x18 src/supercharge.o
 .MIPS.abiflags
                0x00000000       0x18 src/supercharge.o
 .pdr           0x00000000       0xa0 src/supercharge.o
 .reginfo       0x00000000       0x18 src/misc_update.o
 .MIPS.abiflags
                0x00000000       0x18 src/misc_update.o
 .pdr           0x00000000       0x20 src/misc_update.o
 .reginfo       0x00000000       0x18 src/custom_text.o
 .MIPS.abiflags
                0x00000000       0x18 src/custom_text.o
 .pdr           0x00000000       0x20 src/custom_text.o
 .reginfo       0x00000000       0x18 src/gametime.o
 .MIPS.abiflags
                0x00000000       0x18 src/gametime.o
 .pdr           0x00000000       0x80 src/gametime.o
 .reginfo       0x00000000       0x18 src/check_region.o
 .MIPS.abiflags
                0x00000000       0x18 src/check_region.o
 .pdr           0x00000000       0x20 src/check_region.o
 .reginfo       0x00000000       0x18 src/misc_functions.o
 .MIPS.abiflags
                0x00000000       0x18 src/misc_functions.o
 .pdr           0x00000000      0x1e0 src/misc_functions.o

Memory Configuration

Name             Origin             Length             Attributes
*default*        0x00000000         0xffffffff

Linker script and memory map

LOAD asm/hook.o
LOAD asm/inventoryToPauseHook.o
LOAD asm/inventoryToGameplayHook.o
LOAD asm/inventoryToCreditsHook.o
LOAD asm/openInventoryHook.o
LOAD asm/cheat.o
LOAD asm/beforeInventoryUpdateHook.o
LOAD asm/beforePauseMenuUpdateHook.o
LOAD asm/quitGame.o
LOAD asm/menuTextHook.o
LOAD asm/beforeMenuTextHook.o
LOAD asm/beforeDeathHook.o
LOAD asm/dontDrawText1_pal.o
LOAD asm/dontDrawText2_pal.o
LOAD asm/disableChargeSound_pal.o
LOAD asm/overwriteRawInputs.o
LOAD asm/exitLevelHook.o
LOAD asm/stopSoundHook.o
LOAD asm/stopSoundHook2.o
LOAD asm/fairyFix.o
LOAD src/custom_title_screen.o
LOAD src/menu_hooks.o
LOAD src/main.o
LOAD src/supercharge.o
LOAD src/misc_update.o
LOAD src/custom_text.o
LOAD src/gametime.o
LOAD src/check_region.o
LOAD src/misc_functions.o
                0x8000b0b8                        OVR_START_ADDR = 0x8000b0b8
                0x8006c880                        __heap_base = __ovr_end
                0x8000b0b8                        __ovr_start = 0x8000b0b8

.MIPS.abiflags  0x00000000       0x18
 .MIPS.abiflags
                0x00000000       0x18 asm/hook.o

.asmhooks       0x8000b0b8    0x2dfd0
                0x80039084                        . = (. + 0x2dfcc)
 *fill*         0x8000b0b8    0x2dfcc 
 asm/hook.o(.text*)
 .text          0x80039084        0x4 asm/hook.o
 asm/hook.o(.rodata*)
 asm/hook.o(.sdata*)
 asm/hook.o(.data*)
 .data          0x80039088        0x0 asm/hook.o
 asm/hook.o(.sbss*)
 asm/hook.o(.bss*)
 .bss           0x80039088        0x0 asm/hook.o
 asm/hook.o(.ctors)
                0x80039088                        . = ALIGN (0x4)
                0x8006c880                        __ovr_end = .
                [!provide]                        PROVIDE (__load_start_asmhooks = LOADADDR (.asmhooks))
                [!provide]                        PROVIDE (__load_stop_asmhooks = (LOADADDR (.asmhooks) + SIZEOF (.asmhooks)))

.asminventoryToPauseHooks
                0x8000b0b8    0x28cc8 load address 0x80039088
                0x80033d7c                        . = (. + 0x28cc4)
 *fill*         0x8000b0b8    0x28cc4 
 asm/inventoryToPauseHook.o(.text*)
 .text          0x80033d7c        0x4 asm/inventoryToPauseHook.o
 asm/inventoryToPauseHook.o(.rodata*)
 asm/inventoryToPauseHook.o(.sdata*)
 asm/inventoryToPauseHook.o(.data*)
 .data          0x80033d80        0x0 asm/inventoryToPauseHook.o
 asm/inventoryToPauseHook.o(.sbss*)
 asm/inventoryToPauseHook.o(.bss*)
 .bss           0x80033d80        0x0 asm/inventoryToPauseHook.o
 asm/inventoryToPauseHook.o(.ctors)
                0x80033d80                        . = ALIGN (0x4)
                0x8006c880                        __ovr_end = .
                [!provide]                        PROVIDE (__load_start_asminventoryToPauseHooks = LOADADDR (.asminventoryToPauseHooks))
                [!provide]                        PROVIDE (__load_stop_asminventoryToPauseHooks = (LOADADDR (.asminventoryToPauseHooks) + SIZEOF (.asminventoryToPauseHooks)))

.asminventoryToGameplayHooks
                0x8000b0b8    0x28cf4 load address 0x80061d50
                0x80033da8                        . = (. + 0x28cf0)
 *fill*         0x8000b0b8    0x28cf0 
 asm/inventoryToGameplayHook.o(.text*)
 .text          0x80033da8        0x4 asm/inventoryToGameplayHook.o
 asm/inventoryToGameplayHook.o(.rodata*)
 asm/inventoryToGameplayHook.o(.sdata*)
 asm/inventoryToGameplayHook.o(.data*)
 .data          0x80033dac        0x0 asm/inventoryToGameplayHook.o
 asm/inventoryToGameplayHook.o(.sbss*)
 asm/inventoryToGameplayHook.o(.bss*)
 .bss           0x80033dac        0x0 asm/inventoryToGameplayHook.o
 asm/inventoryToGameplayHook.o(.ctors)
                0x80033dac                        . = ALIGN (0x4)
                0x8006c880                        __ovr_end = .
                [!provide]                        PROVIDE (__load_start_asminventoryToGameplayHooks = LOADADDR (.asminventoryToGameplayHooks))
                [!provide]                        PROVIDE (__load_stop_asminventoryToGameplayHooks = (LOADADDR (.asminventoryToGameplayHooks) + SIZEOF (.asminventoryToGameplayHooks)))

.asminventoryToCreditsHooks
                0x8000b0b8    0x2758c load address 0x8008aa44
                0x80032640                        . = (. + 0x27588)
 *fill*         0x8000b0b8    0x27588 
 asm/inventoryToCreditsHook.o(.text*)
 .text          0x80032640        0x4 asm/inventoryToCreditsHook.o
 asm/inventoryToCreditsHook.o(.rodata*)
 asm/inventoryToCreditsHook.o(.sdata*)
 asm/inventoryToCreditsHook.o(.data*)
 .data          0x80032644        0x0 asm/inventoryToCreditsHook.o
 asm/inventoryToCreditsHook.o(.sbss*)
 asm/inventoryToCreditsHook.o(.bss*)
 .bss           0x80032644        0x0 asm/inventoryToCreditsHook.o
 asm/inventoryToCreditsHook.o(.ctors)
                0x80032644                        . = ALIGN (0x4)
                0x8006c880                        __ovr_end = .
                [!provide]                        PROVIDE (__load_start_asminventoryToCreditsHooks = LOADADDR (.asminventoryToCreditsHooks))
                [!provide]                        PROVIDE (__load_stop_asminventoryToCreditsHooks = (LOADADDR (.asminventoryToCreditsHooks) + SIZEOF (.asminventoryToCreditsHooks)))

.asmopenInventoryHooks
                0x8000b0b8    0x26740 load address 0x800b1fd0
                0x800317f4                        . = (. + 0x2673c)
 *fill*         0x8000b0b8    0x2673c 
 asm/openInventoryHook.o(.text*)
 .text          0x800317f4        0x4 asm/openInventoryHook.o
 asm/openInventoryHook.o(.rodata*)
 asm/openInventoryHook.o(.sdata*)
 asm/openInventoryHook.o(.data*)
 .data          0x800317f8        0x0 asm/openInventoryHook.o
 asm/openInventoryHook.o(.sbss*)
 asm/openInventoryHook.o(.bss*)
 .bss           0x800317f8        0x0 asm/openInventoryHook.o
 asm/openInventoryHook.o(.ctors)
                0x800317f8                        . = ALIGN (0x4)
                0x8006c880                        __ovr_end = .
                [!provide]                        PROVIDE (__load_start_asmopenInventoryHooks = LOADADDR (.asmopenInventoryHooks))
                [!provide]                        PROVIDE (__load_stop_asmopenInventoryHooks = (LOADADDR (.asmopenInventoryHooks) + SIZEOF (.asmopenInventoryHooks)))

.asmcheats      0x8000b0b8    0x27768 load address 0x800d8710
                0x8003281c                        . = (. + 0x27764)
 *fill*         0x8000b0b8    0x27764 
 asm/cheat.o(.text*)
 .text          0x8003281c        0x4 asm/cheat.o
 asm/cheat.o(.rodata*)
 asm/cheat.o(.sdata*)
 asm/cheat.o(.data*)
 .data          0x80032820        0x0 asm/cheat.o
 asm/cheat.o(.sbss*)
 asm/cheat.o(.bss*)
 .bss           0x80032820        0x0 asm/cheat.o
 asm/cheat.o(.ctors)
                0x80032820                        . = ALIGN (0x4)
                0x8006c880                        __ovr_end = .
                [!provide]                        PROVIDE (__load_start_asmcheats = LOADADDR (.asmcheats))
                [!provide]                        PROVIDE (__load_stop_asmcheats = (LOADADDR (.asmcheats) + SIZEOF (.asmcheats)))

.asmbeforeInventoryUpdateHooks
                0x8000b0b8    0x2da68 load address 0x800ffe78
                0x80038b1c                        . = (. + 0x2da64)
 *fill*         0x8000b0b8    0x2da64 
 asm/beforeInventoryUpdateHook.o(.text*)
 .text          0x80038b1c        0x4 asm/beforeInventoryUpdateHook.o
 asm/beforeInventoryUpdateHook.o(.rodata*)
 asm/beforeInventoryUpdateHook.o(.sdata*)
 asm/beforeInventoryUpdateHook.o(.data*)
 .data          0x80038b20        0x0 asm/beforeInventoryUpdateHook.o
 asm/beforeInventoryUpdateHook.o(.sbss*)
 asm/beforeInventoryUpdateHook.o(.bss*)
 .bss           0x80038b20        0x0 asm/beforeInventoryUpdateHook.o
 asm/beforeInventoryUpdateHook.o(.ctors)
                0x80038b20                        . = ALIGN (0x4)
                0x8006c880                        __ovr_end = .
                [!provide]                        PROVIDE (__load_start_asmbeforeInventoryUpdateHooks = LOADADDR (.asmbeforeInventoryUpdateHooks))
                [!provide]                        PROVIDE (__load_stop_asmbeforeInventoryUpdateHooks = (LOADADDR (.asmbeforeInventoryUpdateHooks) + SIZEOF (.asmbeforeInventoryUpdateHooks)))

.asmbeforePauseMenuUpdateHooks
                0x8000b0b8    0x2da50 load address 0x8012d8e0
                0x80038b04                        . = (. + 0x2da4c)
 *fill*         0x8000b0b8    0x2da4c 
 asm/beforePauseMenuUpdateHook.o(.text*)
 .text          0x80038b04        0x4 asm/beforePauseMenuUpdateHook.o
 asm/beforePauseMenuUpdateHook.o(.rodata*)
 asm/beforePauseMenuUpdateHook.o(.sdata*)
 asm/beforePauseMenuUpdateHook.o(.data*)
 .data          0x80038b08        0x0 asm/beforePauseMenuUpdateHook.o
 asm/beforePauseMenuUpdateHook.o(.sbss*)
 asm/beforePauseMenuUpdateHook.o(.bss*)
 .bss           0x80038b08        0x0 asm/beforePauseMenuUpdateHook.o
 asm/beforePauseMenuUpdateHook.o(.ctors)
                0x80038b08                        . = ALIGN (0x4)
                0x8006c880                        __ovr_end = .
                [!provide]                        PROVIDE (__load_start_asmbeforePauseMenuUpdateHooks = LOADADDR (.asmbeforePauseMenuUpdateHooks))
                [!provide]                        PROVIDE (__load_stop_asmbeforePauseMenuUpdateHooks = (LOADADDR (.asmbeforePauseMenuUpdateHooks) + SIZEOF (.asmbeforePauseMenuUpdateHooks)))

.asmquitGames   0x8000b0b8    0x280e8 load address 0x8015b330
                0x80033198                        . = (. + 0x280e0)
 *fill*         0x8000b0b8    0x280e0 
 asm/quitGame.o(.text*)
 .text          0x80033198        0x8 asm/quitGame.o
 asm/quitGame.o(.rodata*)
 asm/quitGame.o(.sdata*)
 asm/quitGame.o(.data*)
 .data          0x800331a0        0x0 asm/quitGame.o
 asm/quitGame.o(.sbss*)
 asm/quitGame.o(.bss*)
 .bss           0x800331a0        0x0 asm/quitGame.o
 asm/quitGame.o(.ctors)
                0x800331a0                        . = ALIGN (0x4)
                0x8006c880                        __ovr_end = .
                [!provide]                        PROVIDE (__load_start_asmquitGames = LOADADDR (.asmquitGames))
                [!provide]                        PROVIDE (__load_stop_asmquitGames = (LOADADDR (.asmquitGames) + SIZEOF (.asmquitGames)))

.asmmenuTextHooks
                0x8000b0b8    0x15dec load address 0x80183418
                0x80020ea0                        . = (. + 0x15de8)
 *fill*         0x8000b0b8    0x15de8 
 asm/menuTextHook.o(.text*)
 .text          0x80020ea0        0x4 asm/menuTextHook.o
 asm/menuTextHook.o(.rodata*)
 asm/menuTextHook.o(.sdata*)
 asm/menuTextHook.o(.data*)
 .data          0x80020ea4        0x0 asm/menuTextHook.o
 asm/menuTextHook.o(.sbss*)
 asm/menuTextHook.o(.bss*)
 .bss           0x80020ea4        0x0 asm/menuTextHook.o
 asm/menuTextHook.o(.ctors)
                0x80020ea4                        . = ALIGN (0x4)
                0x8006c880                        __ovr_end = .
                [!provide]                        PROVIDE (__load_start_asmmenuTextHooks = LOADADDR (.asmmenuTextHooks))
                [!provide]                        PROVIDE (__load_stop_asmmenuTextHooks = (LOADADDR (.asmmenuTextHooks) + SIZEOF (.asmmenuTextHooks)))

.asmbeforeMenuTextHooks
                0x8000b0b8    0x18db8 load address 0x80199204
                0x80023e6c                        . = (. + 0x18db4)
 *fill*         0x8000b0b8    0x18db4 
 asm/beforeMenuTextHook.o(.text*)
 .text          0x80023e6c        0x4 asm/beforeMenuTextHook.o
 asm/beforeMenuTextHook.o(.rodata*)
 asm/beforeMenuTextHook.o(.sdata*)
 asm/beforeMenuTextHook.o(.data*)
 .data          0x80023e70        0x0 asm/beforeMenuTextHook.o
 asm/beforeMenuTextHook.o(.sbss*)
 asm/beforeMenuTextHook.o(.bss*)
 .bss           0x80023e70        0x0 asm/beforeMenuTextHook.o
 asm/beforeMenuTextHook.o(.ctors)
                0x80023e70                        . = ALIGN (0x4)
                0x8006c880                        __ovr_end = .
                [!provide]                        PROVIDE (__load_start_asmbeforeMenuTextHooks = LOADADDR (.asmbeforeMenuTextHooks))
                [!provide]                        PROVIDE (__load_stop_asmbeforeMenuTextHooks = (LOADADDR (.asmbeforeMenuTextHooks) + SIZEOF (.asmbeforeMenuTextHooks)))

.asmbeforeDeathHooks
                0x8000b0b8    0x44a7c load address 0x801b1fbc
                0x8004fb30                        . = (. + 0x44a78)
 *fill*         0x8000b0b8    0x44a78 
 asm/beforeDeathHook.o(.text*)
 .text          0x8004fb30        0x4 asm/beforeDeathHook.o
 asm/beforeDeathHook.o(.rodata*)
 asm/beforeDeathHook.o(.sdata*)
 asm/beforeDeathHook.o(.data*)
 .data          0x8004fb34        0x0 asm/beforeDeathHook.o
 asm/beforeDeathHook.o(.sbss*)
 asm/beforeDeathHook.o(.bss*)
 .bss           0x8004fb34        0x0 asm/beforeDeathHook.o
 asm/beforeDeathHook.o(.ctors)
                0x8004fb34                        . = ALIGN (0x4)
                0x8006c880                        __ovr_end = .
                [!provide]                        PROVIDE (__load_start_asmbeforeDeathHooks = LOADADDR (.asmbeforeDeathHooks))
                [!provide]                        PROVIDE (__load_stop_asmbeforeDeathHooks = (LOADADDR (.asmbeforeDeathHooks) + SIZEOF (.asmbeforeDeathHooks)))

.asmdontDrawText1_pals
                0x8000b0b8    0x185b0 load address 0x801f6a38
                0x80023660                        . = (. + 0x185a8)
 *fill*         0x8000b0b8    0x185a8 
 asm/dontDrawText1_pal.o(.text*)
 .text          0x80023660        0x8 asm/dontDrawText1_pal.o
 asm/dontDrawText1_pal.o(.rodata*)
 asm/dontDrawText1_pal.o(.sdata*)
 asm/dontDrawText1_pal.o(.data*)
 .data          0x80023668        0x0 asm/dontDrawText1_pal.o
 asm/dontDrawText1_pal.o(.sbss*)
 asm/dontDrawText1_pal.o(.bss*)
 .bss           0x80023668        0x0 asm/dontDrawText1_pal.o
 asm/dontDrawText1_pal.o(.ctors)
                0x80023668                        . = ALIGN (0x4)
                0x8006c880                        __ovr_end = .
                [!provide]                        PROVIDE (__load_start_asmdontDrawText1_pals = LOADADDR (.asmdontDrawText1_pals))
                [!provide]                        PROVIDE (__load_stop_asmdontDrawText1_pals = (LOADADDR (.asmdontDrawText1_pals) + SIZEOF (.asmdontDrawText1_pals)))

.asmdontDrawText2_pals
                0x8000b0b8    0x18620 load address 0x8020efe8
                0x800236d0                        . = (. + 0x18618)
 *fill*         0x8000b0b8    0x18618 
 asm/dontDrawText2_pal.o(.text*)
 .text          0x800236d0        0x8 asm/dontDrawText2_pal.o
 asm/dontDrawText2_pal.o(.rodata*)
 asm/dontDrawText2_pal.o(.sdata*)
 asm/dontDrawText2_pal.o(.data*)
 .data          0x800236d8        0x0 asm/dontDrawText2_pal.o
 asm/dontDrawText2_pal.o(.sbss*)
 asm/dontDrawText2_pal.o(.bss*)
 .bss           0x800236d8        0x0 asm/dontDrawText2_pal.o
 asm/dontDrawText2_pal.o(.ctors)
                0x800236d8                        . = ALIGN (0x4)
                0x8006c880                        __ovr_end = .
                [!provide]                        PROVIDE (__load_start_asmdontDrawText2_pals = LOADADDR (.asmdontDrawText2_pals))
                [!provide]                        PROVIDE (__load_stop_asmdontDrawText2_pals = (LOADADDR (.asmdontDrawText2_pals) + SIZEOF (.asmdontDrawText2_pals)))

.asmdisableChargeSound_pals
                0x8000b0b8    0x3946c load address 0x80227608
                0x8004451c                        . = (. + 0x39464)
 *fill*         0x8000b0b8    0x39464 
 asm/disableChargeSound_pal.o(.text*)
 .text          0x8004451c        0x8 asm/disableChargeSound_pal.o
 asm/disableChargeSound_pal.o(.rodata*)
 asm/disableChargeSound_pal.o(.sdata*)
 asm/disableChargeSound_pal.o(.data*)
 .data          0x80044524        0x0 asm/disableChargeSound_pal.o
 asm/disableChargeSound_pal.o(.sbss*)
 asm/disableChargeSound_pal.o(.bss*)
 .bss           0x80044524        0x0 asm/disableChargeSound_pal.o
 asm/disableChargeSound_pal.o(.ctors)
                0x80044524                        . = ALIGN (0x4)
                0x8006c880                        __ovr_end = .
                [!provide]                        PROVIDE (__load_start_asmdisableChargeSound_pals = LOADADDR (.asmdisableChargeSound_pals))
                [!provide]                        PROVIDE (__load_stop_asmdisableChargeSound_pals = (LOADADDR (.asmdisableChargeSound_pals) + SIZEOF (.asmdisableChargeSound_pals)))

.asmoverwriteRawInputss
                0x8000b0b8    0x63568 load address 0x80260a74
                0x8006e618                        . = (. + 0x63560)
 *fill*         0x8000b0b8    0x63560 
 asm/overwriteRawInputs.o(.text*)
 .text          0x8006e618        0x8 asm/overwriteRawInputs.o
 asm/overwriteRawInputs.o(.rodata*)
 asm/overwriteRawInputs.o(.sdata*)
 asm/overwriteRawInputs.o(.data*)
 .data          0x8006e620        0x0 asm/overwriteRawInputs.o
 asm/overwriteRawInputs.o(.sbss*)
 asm/overwriteRawInputs.o(.bss*)
 .bss           0x8006e620        0x0 asm/overwriteRawInputs.o
 asm/overwriteRawInputs.o(.ctors)
                0x8006e620                        . = ALIGN (0x4)
                0x8006c880                        __ovr_end = .
                [!provide]                        PROVIDE (__load_start_asmoverwriteRawInputss = LOADADDR (.asmoverwriteRawInputss))
                [!provide]                        PROVIDE (__load_stop_asmoverwriteRawInputss = (LOADADDR (.asmoverwriteRawInputss) + SIZEOF (.asmoverwriteRawInputss)))

.asmexitLevelHooks
                0x8000b0b8    0x28a0c load address 0x802c3fdc
                0x80033abc                        . = (. + 0x28a04)
 *fill*         0x8000b0b8    0x28a04 
 asm/exitLevelHook.o(.text*)
 .text          0x80033abc        0x8 asm/exitLevelHook.o
 asm/exitLevelHook.o(.rodata*)
 asm/exitLevelHook.o(.sdata*)
 asm/exitLevelHook.o(.data*)
 .data          0x80033ac4        0x0 asm/exitLevelHook.o
 asm/exitLevelHook.o(.sbss*)
 asm/exitLevelHook.o(.bss*)
 .bss           0x80033ac4        0x0 asm/exitLevelHook.o
 asm/exitLevelHook.o(.ctors)
                0x80033ac4                        . = ALIGN (0x4)
                0x8006c880                        __ovr_end = .
                [!provide]                        PROVIDE (__load_start_asmexitLevelHooks = LOADADDR (.asmexitLevelHooks))
                [!provide]                        PROVIDE (__load_stop_asmexitLevelHooks = (LOADADDR (.asmexitLevelHooks) + SIZEOF (.asmexitLevelHooks)))

.asmstopSoundHooks
                0x8000b0b8    0x265ac load address 0x802ec9e8
                0x80031660                        . = (. + 0x265a8)
 *fill*         0x8000b0b8    0x265a8 
 asm/stopSoundHook.o(.text*)
 .text          0x80031660        0x4 asm/stopSoundHook.o
 asm/stopSoundHook.o(.rodata*)
 asm/stopSoundHook.o(.sdata*)
 asm/stopSoundHook.o(.data*)
 .data          0x80031664        0x0 asm/stopSoundHook.o
 asm/stopSoundHook.o(.sbss*)
 asm/stopSoundHook.o(.bss*)
 .bss           0x80031664        0x0 asm/stopSoundHook.o
 asm/stopSoundHook.o(.ctors)
                0x80031664                        . = ALIGN (0x4)
                0x8006c880                        __ovr_end = .
                [!provide]                        PROVIDE (__load_start_asmstopSoundHooks = LOADADDR (.asmstopSoundHooks))
                [!provide]                        PROVIDE (__load_stop_asmstopSoundHooks = (LOADADDR (.asmstopSoundHooks) + SIZEOF (.asmstopSoundHooks)))

.asmstopSoundHook2s
                0x8000b0b8    0x2d2f0 load address 0x80312f94
                0x800383a4                        . = (. + 0x2d2ec)
 *fill*         0x8000b0b8    0x2d2ec 
 asm/stopSoundHook2.o(.text*)
 .text          0x800383a4        0x4 asm/stopSoundHook2.o
 asm/stopSoundHook2.o(.rodata*)
 asm/stopSoundHook2.o(.sdata*)
 asm/stopSoundHook2.o(.data*)
 .data          0x800383a8        0x0 asm/stopSoundHook2.o
 asm/stopSoundHook2.o(.sbss*)
 asm/stopSoundHook2.o(.bss*)
 .bss           0x800383a8        0x0 asm/stopSoundHook2.o
 asm/stopSoundHook2.o(.ctors)
                0x800383a8                        . = ALIGN (0x4)
                0x8006c880                        __ovr_end = .
                [!provide]                        PROVIDE (__load_start_asmstopSoundHook2s = LOADADDR (.asmstopSoundHook2s))
                [!provide]                        PROVIDE (__load_stop_asmstopSoundHook2s = (LOADADDR (.asmstopSoundHook2s) + SIZEOF (.asmstopSoundHook2s)))

.asmfairyFixs   0x8000b0b8    0x26c90 load address 0x80340284
                0x80031d3c                        . = (. + 0x26c84)
 *fill*         0x8000b0b8    0x26c84 
 asm/fairyFix.o(.text*)
 .text          0x80031d3c        0xc asm/fairyFix.o
 asm/fairyFix.o(.rodata*)
 asm/fairyFix.o(.sdata*)
 asm/fairyFix.o(.data*)
 .data          0x80031d48        0x0 asm/fairyFix.o
 asm/fairyFix.o(.sbss*)
 asm/fairyFix.o(.bss*)
 .bss           0x80031d48        0x0 asm/fairyFix.o
 asm/fairyFix.o(.ctors)
                0x80031d48                        . = ALIGN (0x4)
                0x8006c880                        __ovr_end = .
                [!provide]                        PROVIDE (__load_start_asmfairyFixs = LOADADDR (.asmfairyFixs))
                [!provide]                        PROVIDE (__load_stop_asmfairyFixs = (LOADADDR (.asmfairyFixs) + SIZEOF (.asmfairyFixs)))

.Header         0x8000b0b8      0x7a0 load address 0x80366f14
 src/custom_title_screen.o(.text*)
 .text          0x8000b0b8        0x0 src/custom_title_screen.o
 .text.boolToAscii
                0x8000b0b8       0x20 src/custom_title_screen.o
                0x8000b0b8                boolToAscii
 .text.CustomTitleScreen
                0x8000b0d8      0x758 src/custom_title_screen.o
                0x8000b0d8                CustomTitleScreen
 src/custom_title_screen.o(.rodata*)
 src/custom_title_screen.o(.sdata*)
 .sdata         0x8000b830       0x18 src/custom_title_screen.o
                0x8000b830                asciiFalse
                0x8000b834                asciiTrue
                0x8000b838                modDefaultOptions
                0x8000b83c                modOptions
                0x8000b840                customMenuColorArray
 src/custom_title_screen.o(.data*)
 .data          0x8000b848        0x0 src/custom_title_screen.o
 src/custom_title_screen.o(.sbss*)
 .sbss          0x8000b848       0x10 src/custom_title_screen.o
                0x8000b848                customMenuSelectionColorFrames
                0x8000b84c                customMenuSelection
                0x8000b850                customMenuState
                0x8000b854                mod_state
 src/custom_title_screen.o(.bss*)
 .bss           0x8000b858        0x0 src/custom_title_screen.o
 src/custom_title_screen.o(.ctors)
                0x8000b858                        . = ALIGN (0x4)
                0x8006c880                        __ovr_end = .
                [!provide]                        PROVIDE (__load_start_Header = LOADADDR (.Header))
                [!provide]                        PROVIDE (__load_stop_Header = (LOADADDR (.Header) + SIZEOF (.Header)))

.DragonAndFairyUpdate
                0x8000b0b8    0x2b350 load address 0x803676b4
                0x800343b4                        . = (. + 0x292fc)
 *fill*         0x8000b0b8    0x292fc 
 src/menu_hooks.o(.text*)
 .text          0x800343b4        0x0 src/menu_hooks.o
 .text.OpenInventoryHook
                0x800343b4       0x44 src/menu_hooks.o
                0x800343b4                OpenInventoryHook
 .text.BeforeMenuText
                0x800343f8       0xf4 src/menu_hooks.o
                0x800343f8                BeforeMenuText
 .text.MenuTextMain
                0x800344ec      0xbbc src/menu_hooks.o
                0x800344ec                MenuTextMain
 .text.BeforePauseMenuUpdate
                0x800350a8       0x8c src/menu_hooks.o
                0x800350a8                BeforePauseMenuUpdate
 .text.BeforeInventoryUpdate
                0x80035134      0x6c0 src/menu_hooks.o
                0x80035134                BeforeInventoryUpdate
 .text.QuitSpeedway
                0x800357f4       0x40 src/menu_hooks.o
                0x800357f4                QuitSpeedway
 .text.BeforeCheatCode
                0x80035834       0x80 src/menu_hooks.o
                0x80035834                BeforeCheatCode
 .text.InventoryToPause
                0x800358b4       0x28 src/menu_hooks.o
                0x800358b4                InventoryToPause
 .text.InventoryToGameplayHook
                0x800358dc       0x1c src/menu_hooks.o
                0x800358dc                InventoryToGameplayHook
 .text.InventoryToCredits
                0x800358f8       0x28 src/menu_hooks.o
                0x800358f8                InventoryToCredits
 src/main.o(.text*)
 .text          0x80035920        0x0 src/main.o
 .text.ignoreFairy
                0x80035920        0xc src/main.o
                0x80035920                ignoreFairy
 .text.MainFunc
                0x8003592c       0x2c src/main.o
                0x8003592c                MainFunc
 src/supercharge.o(.text*)
 .text          0x80035958        0x0 src/supercharge.o
 .text.setDefaultOffset
                0x80035958       0x60 src/supercharge.o
                0x80035958                setDefaultOffset
 .text.IsInAnySuperchargeSubState
                0x800359b8       0x4c src/supercharge.o
                0x800359b8                IsInAnySuperchargeSubState
 .text.IsInAnyFlyingState
                0x80035a04       0x18 src/supercharge.o
                0x80035a04                IsInAnyFlyingState
 .text.SuperchargeUpdate
                0x80035a1c      0x760 src/supercharge.o
                0x80035a1c                SuperchargeUpdate
 .text.SharpTurning
                0x8003617c      0x194 src/supercharge.o
                0x8003617c                SharpTurning
 src/menu_hooks.o(.rodata*)
 src/main.o(.rodata*)
 src/supercharge.o(.rodata*)
 .rodata.str1.4
                0x80036310        0x9 src/supercharge.o
 src/menu_hooks.o(.sdata*)
 src/main.o(.sdata*)
 src/supercharge.o(.sdata*)
 *fill*         0x80036319        0x3 
 .sdata         0x8003631c        0x4 src/supercharge.o
                0x8003631c                defaultOffset
 src/menu_hooks.o(.data*)
 .data          0x80036320       0x23 src/menu_hooks.o
                0x80036320                levelStringXPosition
 src/main.o(.data*)
 *fill*         0x80036343        0x1 
 .data          0x80036344        0x0 src/main.o
 src/supercharge.o(.data*)
 .data          0x80036344       0xa0 src/supercharge.o
                0x80036344                levelHeightCaps
 src/menu_hooks.o(.sbss*)
 .sbss          0x800363e4        0x6 src/menu_hooks.o
                0x800363e4                warpLevelID
                0x800363e8                selectedQuitGame
                0x800363e9                warping
 src/main.o(.sbss*)
 src/supercharge.o(.sbss*)
 *fill*         0x800363ea        0x2 
 .sbss          0x800363ec       0x1c src/supercharge.o
                0x800363ec                previousSpyroState
                0x800363f0                chargeTransitionTime
                0x800363f4                chargeTransitionMomentum
                0x800363f8                chargeTransitionMomentumStart
                0x800363fc                superchargeHeightStartedOffset
                0x80036400                lootFirstHeightcap
                0x80036401                xButtonDurationInterval
                0x80036402                xButtonDuration
                0x80036403                xButtonFlag
                0x80036404                chargeTransitionFlag
                0x80036405                sharpTurnFlag
                0x80036406                newTriangleDrop
                0x80036407                isSupercharging
 src/menu_hooks.o(.bss*)
 .bss           0x80036408        0x0 src/menu_hooks.o
 src/main.o(.bss*)
 .bss           0x80036408        0x0 src/main.o
 src/supercharge.o(.bss*)
 .bss           0x80036408        0x0 src/supercharge.o
 src/menu_hooks.o(.ctors)
 src/main.o(.ctors)
 src/supercharge.o(.ctors)
                0x80036408                        . = ALIGN (0x4)
                0x8006c880                        __ovr_end = .
                [!provide]                        PROVIDE (__load_start_DragonAndFairyUpdate = LOADADDR (.DragonAndFairyUpdate))
                [!provide]                        PROVIDE (__load_stop_DragonAndFairyUpdate = (LOADADDR (.DragonAndFairyUpdate) + SIZEOF (.DragonAndFairyUpdate)))

.DrawDragonAndFairyText
                0x8000b0b8    0x17d08 load address 0x80392a04
                0x8002191c                        . = (. + 0x16864)
 *fill*         0x8000b0b8    0x16864 
 src/misc_update.o(.text*)
 .text          0x8002191c        0x0 src/misc_update.o
 .text.MiscUpdate
                0x8002191c      0x848 src/misc_update.o
                0x8002191c                MiscUpdate
 src/custom_text.o(.text*)
 .text          0x80022164        0x0 src/custom_text.o
 .text.MobyRender
                0x80022164       0x50 src/custom_text.o
                0x80022164                MobyRender
 src/gametime.o(.text*)
 .text          0x800221b4        0x0 src/gametime.o
 .text.getCurrentIGT
                0x800221b4      0x2ac src/gametime.o
                0x800221b4                getCurrentIGT
 .text.colonOffset
                0x80022460       0x54 src/gametime.o
                0x80022460                colonOffset
 .text.DrawIGT  0x800224b4      0x278 src/gametime.o
                0x800224b4                DrawIGT
 .text.GameTime
                0x8002272c      0x360 src/gametime.o
                0x8002272c                GameTime
 src/misc_update.o(.rodata*)
 src/custom_text.o(.rodata*)
 .rodata.str1.4
                0x80022a8c      0x24a src/custom_text.o
                                0x1b3 (size before relaxing)
 src/gametime.o(.rodata*)
 .rodata.str1.4
                0x80022cd6       0x9e src/gametime.o
 src/misc_update.o(.sdata*)
 src/custom_text.o(.sdata*)
 src/gametime.o(.sdata*)
 src/misc_update.o(.data*)
 *fill*         0x80022cd6        0x2 
 .data          0x80022cd8        0x0 src/misc_update.o
 src/custom_text.o(.data*)
 .data          0x80022cd8       0x80 src/custom_text.o
                0x80022cd8                stringList
 src/gametime.o(.data*)
 .data          0x80022d58        0xc src/gametime.o
                0x80022d58                gameTimeStrings
 src/misc_update.o(.sbss*)
 .sbss          0x80022d64       0x16 src/misc_update.o
                0x80022d64                madeDragonsInstant
                0x80022d68                currentFlightCollectableFlags
                0x80022d70                startLevel
                0x80022d74                seenFlightCollectables
                0x80022d75                newBestTime
                0x80022d76                IGTpage
                0x80022d77                timeTrialFailedReason
                0x80022d78                endingType
                0x80022d79                gnastyTimer
 src/custom_text.o(.sbss*)
 src/gametime.o(.sbss*)
 *fill*         0x80022d7a        0x2 
 .sbss          0x80022d7c       0x28 src/gametime.o
                0x80022d7c                timerArray
                0x80022d84                hideGameTime
                0x80022d88                alignmentOffset
                0x80022d89                calibrationInfoTimer
                0x80022d8a                sharpTurnOffset
                0x80022d8c                completionFlags
                0x80022d94                customLootTimer
                0x80022d98                currentLevel
                0x80022d9c                levelGameTime
                0x80022da0                totalGameTime
 src/misc_update.o(.bss*)
 .bss           0x80022da4        0x0 src/misc_update.o
 src/custom_text.o(.bss*)
 .bss           0x80022da4        0x0 src/custom_text.o
 src/gametime.o(.bss*)
 .bss           0x80022da4       0x1c src/gametime.o
                0x80022da4                asciiTime
                0x80022db0                sharpTurnInfo
 src/misc_update.o(.ctors)
 src/custom_text.o(.ctors)
 src/gametime.o(.ctors)
                0x80022dc0                        . = ALIGN (0x4)
                0x8006c880                        __ovr_end = .
                [!provide]                        PROVIDE (__load_start_DrawDragonAndFairyText = LOADADDR (.DrawDragonAndFairyText))
                [!provide]                        PROVIDE (__load_stop_DrawDragonAndFairyText = (LOADADDR (.DrawDragonAndFairyText) + SIZEOF (.DrawDragonAndFairyText)))

.MemoryCardArea
                0x8000b0b8    0x617c8 load address 0x803aa70c
                0x800cf21c                        . = (. + 0x60bfc)
 *fill*         0x8000b0b8    0x60bfc 
 src/check_region.o(.text*)
 .text          0x8006bcb4        0x0 src/check_region.o
 .text.CheckRegion
                0x8006bcb4       0x18 src/check_region.o
                0x8006bcb4                CheckRegion
 src/misc_functions.o(.text*)
 .text          0x8006bccc        0x0 src/misc_functions.o
 .text.UndoInventoryChanges
                0x8006bccc       0x58 src/misc_functions.o
                0x8006bccc                UndoInventoryChanges
 .text.PreventStopSound
                0x8006bd24        0x8 src/misc_functions.o
                0x8006bd24                PreventStopSound
 .text.PreventStopSoundCutscene
                0x8006bd2c       0x2c src/misc_functions.o
                0x8006bd2c                PreventStopSoundCutscene
 .text.SkipIntro
                0x8006bd58      0x150 src/misc_functions.o
                0x8006bd58                SkipIntro
 .text.LoadIGTMenu
                0x8006bea8      0x16c src/misc_functions.o
                0x8006bea8                LoadIGTMenu
 .text.BeforeDeath
                0x8006c014       0x7c src/misc_functions.o
                0x8006c014                BeforeDeath
 .text.PrepareWarping
                0x8006c090       0x54 src/misc_functions.o
                0x8006c090                PrepareWarping
 .text.LoadCustomTitleScreen
                0x8006c0e4       0x4c src/misc_functions.o
                0x8006c0e4                LoadCustomTitleScreen
 .text.ReturnToCustomTitleScreen
                0x8006c130       0x64 src/misc_functions.o
                0x8006c130                ReturnToCustomTitleScreen
 .text.ResetLevelCollectables
                0x8006c194       0x94 src/misc_functions.o
                0x8006c194                ResetLevelCollectables
 .text.AddVisualFlightGems
                0x8006c228       0x50 src/misc_functions.o
                0x8006c228                AddVisualFlightGems
 .text.LevelComplete
                0x8006c278      0x168 src/misc_functions.o
                0x8006c278                LevelComplete
 .text.SaveAndLoadCollectables
                0x8006c3e0      0x2e4 src/misc_functions.o
                0x8006c3e0                SaveAndLoadCollectables
 .text.StopDrawWorldAndObjects
                0x8006c6c4       0x3c src/misc_functions.o
                0x8006c6c4                StopDrawWorldAndObjects
 .text.RestartDrawWorldAndObjects
                0x8006c700       0x58 src/misc_functions.o
                0x8006c700                RestartDrawWorldAndObjects
 src/check_region.o(.rodata*)
 src/misc_functions.o(.rodata*)
 .rodata.str1.4
                0x8006c758        0xa src/misc_functions.o
 src/check_region.o(.sdata*)
 src/misc_functions.o(.sdata*)
 src/check_region.o(.data*)
 *fill*         0x8006c762        0x2 
 .data          0x8006c764        0x0 src/check_region.o
 src/misc_functions.o(.data*)
 .data          0x8006c764        0x0 src/misc_functions.o
 src/check_region.o(.sbss*)
 src/misc_functions.o(.sbss*)
 .sbss          0x8006c764        0xd src/misc_functions.o
                0x8006c764                guidebookDialogState
                0x8006c768                previousInventoryPage
                0x8006c769                realLevelIDIndex
                0x8006c76a                inventoryIndex
                0x8006c76b                warpingUnlocked
                0x8006c76c                currentEggs
                0x8006c76d                currentDragons
                0x8006c76e                currentGems
                0x8006c770                soundEffectDuration
 src/check_region.o(.bss*)
 *fill*         0x8006c771        0x3 
 .bss           0x8006c774        0x0 src/check_region.o
 src/misc_functions.o(.bss*)
 .bss           0x8006c774      0x10c src/misc_functions.o
                0x8006c774                collectedEggsPerLevel
                0x8006c788                collectedDragonsPerLevel
                0x8006c7ac                collectedGemsPerLevel
                0x8006c7f4                bestTimes
 src/check_region.o(.ctors)
 src/misc_functions.o(.ctors)
                0x8006c880                        . = ALIGN (0x4)
                0x8006c880                        __ovr_end = .
                [!provide]                        PROVIDE (__load_start_MemoryCardArea = LOADADDR (.MemoryCardArea))
                [!provide]                        PROVIDE (__load_stop_MemoryCardArea = (LOADADDR (.MemoryCardArea) + SIZEOF (.MemoryCardArea)))
                0x80068448                        sprintf = 0x80068448
                0x8007f3e8                        _spyro = 0x8007f3e8
                0x8007f638                        _onSuperchargeGround = 0x8007f638
                0x8007dd08                        _currentButtonOneFrame = 0x8007dd08
                0x8007dd10                        _currentButton = 0x8007dd10
                0x8007f538                        _inabilityToReglide = 0x8007f538
                0x80042110                        UpdateSpyroAnim = 0x80042110
                0x80042114                        UpdateSpyroAnim_2 = 0x80042114
                0x800324b8                        TheAdventureBegins = 0x800324b8
                0x8001e524                        menuColorR = 0x8001e524
                0x8001e52c                        menuColorG = 0x8001e52c
                0x8007bf34                        _isPastTitleScreen = 0x8007bf34
                0x8007c094                        _startMenuState = 0x8007c094
                0x8007bfe8                        _startMenuSelection = 0x8007bfe8
                0x8007aec8                        _globalTimer = 0x8007aec8
                0x8007c188                        _levelID = 0x8007c188
                0x8007c23c                        _altLevelID = 0x8007c23c
                0x8007c0a4                        _gameState = 0x8007c0a4
                0x8007f634                        _abilityToFly = 0x8007f634
                0x8007f4b0                        _somethingSuperchargeRelated = 0x8007f4b0
                0x8007c134                        _levelLoadState = 0x8007c134
                0x8007d9e8                        _dragonState = 0x8007d9e8
                0x8007c130                        _globalGems = 0x8007c130
                0x8007c100                        _globalLives = 0x8007c100
                0x8005c194                        StopAllSounds = 0x8005c194
                0x8005c574                        UnkFunction3 = 0x8005c574
                0x80060c08                        UnkFunction4 = 0x80060c08
                0x8001a620                        memset = 0x8001a620
                0x80067b28                        memcpy = 0x80067b28
                0x8007f708                        _unkVar1 = 0x8007f708
                0x8007f70c                        _unkVar2 = 0x8007f70c
                0x8007f724                        _whichScutscene = 0x8007f724
                0x80016360                        UnkFunction6 = 0x80016360
                0x8001bd5c                        DrawTextAll = 0x8001bd5c
                0x8001c368                        DrawTextBox = 0x8001c368
                0x80078698                        _ptrTextUnk = 0x80078698
                0x8001c5c8                        CopyHudToShaded = 0x8001c5c8
                0x80027a64                        DrawShadedMobys = 0x80027a64
                0x8007bfd8                        _ptr_HudMobyData = 0x8007bfd8
                0x800720ec                        _unk_spinRelated = 0x800720ec
                0x8005c194                        StopSounds = 0x8005c194
                0x8005b0e4                        PlaySoundEffect = 0x8005b0e4
                0x8007c068                        _unkVar3 = 0x8007c068
                0x8007f0f8                        _superflameTimer = 0x8007f0f8
                0x8007bf58                        _isInFlightLevel = 0x8007bf58
                0x8007bec4                        theEgg = 0x8007bec4
                0x8007f032                        _rawButtons = 0x8007f032
                0x8007f035                        _rawRightAnalogX = 0x8007f035
                0x8007f034                        _rawRightAnalogY = 0x8007f034
                0x8007f036                        _rawLeftAnalogX = 0x8007f036
                0x8007f037                        _rawLeftAnalogY = 0x8007f037
                0x80031460                        PausingRelated = 0x80031460
                0x80059c6c                        FUN_80059c6c = 0x80059c6c
                0x80059ff4                        FUN_80059ff4 = 0x80059ff4
                0x8001e2c4                        maybe_drawMenuText = 0x8001e2c4
                0x8001ce34                        FillScreenColor = 0x8001ce34
                0x8001df08                        UnkFunction7 = 0x8001df08
                0x8007c078                        _currentCreditsLevel = 0x8007c078
                0x8003237c                        maybe_anyCutsceneTrigger = 0x8003237c
                0x80038340                        maybe_beforeAnyCutsceneTrigger = 0x80038340
                0x8003229c                        LoadCredits = 0x8003229c
                0x8007e180                        _balloonistCurrentOption = 0x8007e180
                0x8007f43c                        _currentAnimationState = 0x8007f43c
                0x8007c194                        _heightCap = 0x8007c194
                0x8007f540                        _variableHeightCap = 0x8007f540
                0x8015bca4                        _gnastyGnorc = 0x8015bca4
                0x8007c234                        _levelIDIndex = 0x8007c234
                0x80043ee8                        TestFunc = 0x80043ee8
                0x80036ed8                        DragonRelated = 0x80036ed8
                0x80157d04                        _lootTimer = 0x80157d04
                0x800385c0                        ReturnHomeAfterCredits = 0x800385c0
                0x80031658                        ExitLevel = 0x80031658
                0x80037374                        _superchargeInputRelated = 0x80037374
                0x8003189c                        SetGamestateDeath = 0x8003189c
                0x80030a04                        _drawWorldFunc = 0x80030a04
                0x8001d3fc                        _drawObjectsFunc = 0x8001d3fc
                0x8005ca68                        _drawParticlesFunc = 0x8005ca68
                0x80074bc8                        _maxGemsPerLevel = 0x80074bc8
                0x80074ba4                        _maxDragonsPerLevel = 0x80074ba4
                0x80074c10                        _maxEggsPerLevel = 0x80074c10
                0x8007ddb0                        _gemsPerLevel = 0x8007ddb0
                0x8007dc68                        _dragonsPerLevel = 0x8007dc68
                0x8007d978                        _eggsPerLevel = 0x8007d978
                0x8007e298                        _collectablesBitflags = 0x8007e298
                0x8007c104                        _keyState = 0x8007c104
                0x8007c024                        _ptr_keyChestHostGem = 0x8007c024
                0x8007e218                        _shouldRespawnAtCheckpoint = 0x8007e218
                0x80155a50                        _lootKey1 = 0x80155a50
                0x80155a80                        _lootKey2 = 0x80155a80
                0x80156a88                        _lootKey3 = 0x80156a88
                0x80155ab0                        _lootKey4 = 0x80155ab0
                0x8007c01c                        _globalDragons = 0x8007c01c
                0x8007c0e4                        _globalEggs = 0x8007c0e4
                0x80059ff4                        maybe_HUDdrawingRelated = 0x80059ff4
                0x800317fc                        InventoryToGameplay = 0x800317fc
                0x80031574                        PausedToGameplay = 0x80031574
                0x80010940                        _setExitLevelText = 0x80010940
                0x8001fd90                        _setExitLevelOffset = 0x8001fd90
                0x8001d05c                        DrawHUD = 0x8001d05c
                0x80059950                        DrawLives = 0x80059950
                0x8007e93a                        _HUDlivesInfo = 0x8007e93a
                0x8007e2a0                        _artisansLiveFlag = 0x8007e2a0
                0x8007e360                        _peaceKeepersLiveFlag = 0x8007e360
                0x8007e41c                        _magicCraftersLiveFlag = 0x8007e41c
                0x8007e4e8                        _beastMakersLiveFlag = 0x8007e4e8
                0x8007e5a8                        _dreamWeaversLiveFlag = 0x8007e5a8
                0x8007e658                        _gnastysWorldDragonFlag = 0x8007e658
                0x8007e6b8                        _gnastyGnorcFistGemFlag = 0x8007e6b8
                0x8007e27c                        _blowhardPhase = 0x8007e27c
                0x8007c1bc                        _orbCount = 0x8007c1bc
                0x800108ec                        _inventoryString = 0x800108ec
                0x800317fc                        InventoryToGameplay = 0x800317fc
                0x800325f0                        InventoryCheatCodes = 0x800325f0
                0x80033b20                        InventoryUpdate = 0x80033b20
                0x8007c010                        _inventoryPage = 0x8007c010
                0x8007f808                        _enteredLevelFlags = 0x8007f808
                0x8001fecc                        _midInventoryHookAddress = 0x8001fecc
                0x8005e360                        TextAnimation = 0x8005e360
                0x80075468                        _ptr_levelName = 0x80075468
                0x800753f0                        _ptr_homeworldName = 0x800753f0
                0x8007c098                        _inventoryPageTransition = 0x8007c098
                0x8007c1c8                        _flightIGT = 0x8007c1c8
                0x8007c1dc                        _flightLevelExpirationTimer = 0x8007c1dc
                0x80031754                        OpenInventory = 0x80031754
                0x8007efc0                        _flightCollectedItems = 0x8007efc0
                0x8007efa8                        _flightLevelTimes = 0x8007efa8
                0x8007c010                        _flightMenuState = 0x8007c010
                0x8007c1d4                        _quitFlightFromPause = 0x8007c1d4
                0x8007f010                        _permanentFlightCollectableFlags = 0x8007f010
                0x8007e748                        _loadScreenVisualGems = 0x8007e748
                0x8007bf90                        _loadScreenVisualGemsAmount = 0x8007bf90
                0x8007cb18                        _someDragonThing = 0x8007cb18
                0x80031be0                        GameplayAfterDragon = 0x80031be0
                0x800318e4                        DragonSkip = 0x800318e4
                0x8007c0fc                        _ptrLevelMobys = 0x8007c0fc
                0x80041b10                        YetAnotherUnkFunc = 0x80041b10
                0x8016c2cc                        _nestor = 0x8016c2cc
                0x8001fd90                        _ptr_exitLevel = 0x8001fd90
                0x8001fd18                        _ptr_quit = 0x8001fd18
                0x8001fdd8                        _ptr_quitGame = 0x8001fdd8
                0x8001c290                        DrawArrow = 0x8001c290
                0x8007c18c                        _textDrawingTimer = 0x8007c18c
                0x80032d58                        PauseMenuUpdate = 0x80032d58
                0x8016d5b4                        _delbin = 0x8016d5b4
                0x80081059                        _setGnexusDragonToMagnus = 0x80081059
                0x8007c18c                        _menuTimer = 0x8007c18c
                0x8007c110                        _flightExpirationVisualTimer = 0x8007c110
                0x800817a0                        OpenFlightMenu = 0x800817a0
                0x80180ab0                        _timeTrial5sNoise = 0x80180ab0
                0x8017ae18                        _sunnyFlightTrain0 = 0x8017ae18
                0x8017b5b8                        _sunnyFlightTrain1 = 0x8017b5b8
                0x8017bd58                        _sunnyFlightTrain2 = 0x8017bd58
                0x8017c4f8                        _sunnyFlightTrain3 = 0x8017c4f8
                0x8017cc98                        _sunnyFlightTrain4 = 0x8017cc98
                0x8017d438                        _sunnyFlightTrain5 = 0x8017d438
                0x8017dbd8                        _sunnyFlightTrain6 = 0x8017dbd8
                0x8017e378                        _sunnyFlightTrain7 = 0x8017e378
                0x8017eb18                        _sunnyFlightTrain8 = 0x8017eb18
                0x8017f2b8                        _sunnyFlightTrain9 = 0x8017f2b8
                0x8017fa58                        _sunnyFlightTrain10 = 0x8017fa58
                0x801801f8                        _sunnyFlightTrain11 = 0x801801f8
OUTPUT(mod.elf elf32-littlemips)

.reginfo        0x00000000       0x18
 .reginfo       0x00000000       0x18 asm/hook.o

.pdr            0x00000000        0x0
 .pdr           0x00000000        0x0 asm/hook.o
 .pdr           0x00000000        0x0 asm/inventoryToPauseHook.o
 .pdr           0x00000000        0x0 asm/inventoryToGameplayHook.o
 .pdr           0x00000000        0x0 asm/inventoryToCreditsHook.o
 .pdr           0x00000000        0x0 asm/openInventoryHook.o
 .pdr           0x00000000        0x0 asm/cheat.o
 .pdr           0x00000000        0x0 asm/beforeInventoryUpdateHook.o
 .pdr           0x00000000        0x0 asm/beforePauseMenuUpdateHook.o
 .pdr           0x00000000        0x0 asm/quitGame.o
 .pdr           0x00000000        0x0 asm/menuTextHook.o
 .pdr           0x00000000        0x0 asm/beforeMenuTextHook.o
 .pdr           0x00000000        0x0 asm/beforeDeathHook.o
 .pdr           0x00000000        0x0 asm/dontDrawText1_pal.o
 .pdr           0x00000000        0x0 asm/dontDrawText2_pal.o
 .pdr           0x00000000        0x0 asm/disableChargeSound_pal.o
 .pdr           0x00000000        0x0 asm/overwriteRawInputs.o
 .pdr           0x00000000        0x0 asm/exitLevelHook.o
 .pdr           0x00000000        0x0 asm/stopSoundHook.o
 .pdr           0x00000000        0x0 asm/stopSoundHook2.o
 .pdr           0x00000000        0x0 asm/fairyFix.o

.gnu.attributes
                0x00000000       0x10
 .gnu.attributes
                0x00000000       0x10 asm/hook.o
 .gnu.attributes
                0x00000010       0x10 asm/inventoryToPauseHook.o
 .gnu.attributes
                0x00000020       0x10 asm/inventoryToGameplayHook.o
 .gnu.attributes
                0x00000030       0x10 asm/inventoryToCreditsHook.o
 .gnu.attributes
                0x00000040       0x10 asm/openInventoryHook.o
 .gnu.attributes
                0x00000050       0x10 asm/cheat.o
 .gnu.attributes
                0x00000060       0x10 asm/beforeInventoryUpdateHook.o
 .gnu.attributes
                0x00000070       0x10 asm/beforePauseMenuUpdateHook.o
 .gnu.attributes
                0x00000080       0x10 asm/quitGame.o
 .gnu.attributes
                0x00000090       0x10 asm/menuTextHook.o
 .gnu.attributes
                0x000000a0       0x10 asm/beforeMenuTextHook.o
 .gnu.attributes
                0x000000b0       0x10 asm/beforeDeathHook.o
 .gnu.attributes
                0x000000c0       0x10 asm/dontDrawText1_pal.o
 .gnu.attributes
                0x000000d0       0x10 asm/dontDrawText2_pal.o
 .gnu.attributes
                0x000000e0       0x10 asm/disableChargeSound_pal.o
 .gnu.attributes
                0x000000f0       0x10 asm/overwriteRawInputs.o
 .gnu.attributes
                0x00000100       0x10 asm/exitLevelHook.o
 .gnu.attributes
                0x00000110       0x10 asm/stopSoundHook.o
 .gnu.attributes
                0x00000120       0x10 asm/stopSoundHook2.o
 .gnu.attributes
                0x00000130       0x10 asm/fairyFix.o
 .gnu.attributes
                0x00000140       0x10 src/custom_title_screen.o
 .gnu.attributes
                0x00000150       0x10 src/menu_hooks.o
 .gnu.attributes
                0x00000160       0x10 src/main.o
 .gnu.attributes
                0x00000170       0x10 src/supercharge.o
 .gnu.attributes
                0x00000180       0x10 src/misc_update.o
 .gnu.attributes
                0x00000190       0x10 src/custom_text.o
 .gnu.attributes
                0x000001a0       0x10 src/gametime.o
 .gnu.attributes
                0x000001b0       0x10 src/check_region.o
 .gnu.attributes
                0x000001c0       0x10 src/misc_functions.o

.mdebug.abi32   0x00000000        0x0
 .mdebug.abi32  0x00000000        0x0 src/custom_title_screen.o
 .mdebug.abi32  0x00000000        0x0 src/menu_hooks.o
 .mdebug.abi32  0x00000000        0x0 src/main.o
 .mdebug.abi32  0x00000000        0x0 src/supercharge.o
 .mdebug.abi32  0x00000000        0x0 src/misc_update.o
 .mdebug.abi32  0x00000000        0x0 src/custom_text.o
 .mdebug.abi32  0x00000000        0x0 src/gametime.o
 .mdebug.abi32  0x00000000        0x0 src/check_region.o
 .mdebug.abi32  0x00000000        0x0 src/misc_functions.o

.comment        0x00000000       0x12
 .comment       0x00000000       0x12 src/custom_title_screen.o
                                 0x13 (size before relaxing)
 .comment       0x00000012       0x13 src/menu_hooks.o
 .comment       0x00000012       0x13 src/main.o
 .comment       0x00000012       0x13 src/supercharge.o
 .comment       0x00000012       0x13 src/misc_update.o
 .comment       0x00000012       0x13 src/custom_text.o
 .comment       0x00000012       0x13 src/gametime.o
 .comment       0x00000012       0x13 src/check_region.o
 .comment       0x00000012       0x13 src/misc_functions.o

.debug_info     0x00000000     0x6633
 .debug_info    0x00000000      0x79c src/custom_title_screen.o
 .debug_info    0x0000079c     0x11fa src/menu_hooks.o
 .debug_info    0x00001996      0x1a5 src/main.o
 .debug_info    0x00001b3b     0x1221 src/supercharge.o
 .debug_info    0x00002d5c     0x1799 src/misc_update.o
 .debug_info    0x000044f5      0x144 src/custom_text.o
 .debug_info    0x00004639     0x1395 src/gametime.o
 .debug_info    0x000059ce       0xa5 src/check_region.o
 .debug_info    0x00005a73      0xbc0 src/misc_functions.o

.debug_abbrev   0x00000000     0x1287
 .debug_abbrev  0x00000000      0x236 src/custom_title_screen.o
 .debug_abbrev  0x00000236      0x2f2 src/menu_hooks.o
 .debug_abbrev  0x00000528       0xbc src/main.o
 .debug_abbrev  0x000005e4      0x28c src/supercharge.o
 .debug_abbrev  0x00000870      0x288 src/misc_update.o
 .debug_abbrev  0x00000af8      0x11c src/custom_text.o
 .debug_abbrev  0x00000c14      0x36b src/gametime.o
 .debug_abbrev  0x00000f7f       0x86 src/check_region.o
 .debug_abbrev  0x00001005      0x282 src/misc_functions.o

.debug_loclists
                0x00000000      0x5b2
 .debug_loclists
                0x00000000       0xd8 src/custom_title_screen.o
 .debug_loclists
                0x000000d8       0xf6 src/menu_hooks.o
 .debug_loclists
                0x000001ce       0x28 src/supercharge.o
 .debug_loclists
                0x000001f6       0x6a src/misc_update.o
 .debug_loclists
                0x00000260      0x25c src/gametime.o
 .debug_loclists
                0x000004bc       0xf6 src/misc_functions.o

.debug_aranges  0x00000000      0x220
 .debug_aranges
                0x00000000       0x28 src/custom_title_screen.o
 .debug_aranges
                0x00000028       0x68 src/menu_hooks.o
 .debug_aranges
                0x00000090       0x28 src/main.o
 .debug_aranges
                0x000000b8       0x40 src/supercharge.o
 .debug_aranges
                0x000000f8       0x20 src/misc_update.o
 .debug_aranges
                0x00000118       0x20 src/custom_text.o
 .debug_aranges
                0x00000138       0x38 src/gametime.o
 .debug_aranges
                0x00000170       0x20 src/check_region.o
 .debug_aranges
                0x00000190       0x90 src/misc_functions.o

.debug_rnglists
                0x00000000      0x2fc
 .debug_rnglists
                0x00000000       0x48 src/custom_title_screen.o
 .debug_rnglists
                0x00000048       0xdb src/menu_hooks.o
 .debug_rnglists
                0x00000123       0x19 src/main.o
 .debug_rnglists
                0x0000013c       0x48 src/supercharge.o
 .debug_rnglists
                0x00000184       0x5a src/misc_update.o
 .debug_rnglists
                0x000001de       0x1f src/custom_text.o
 .debug_rnglists
                0x000001fd       0x65 src/gametime.o
 .debug_rnglists
                0x00000262       0x13 src/check_region.o
 .debug_rnglists
                0x00000275       0x87 src/misc_functions.o

.debug_line     0x00000000     0x316d
 .debug_line    0x00000000      0x54a src/custom_title_screen.o
 .debug_line    0x0000054a      0xcec src/menu_hooks.o
 .debug_line    0x00001236       0xe5 src/main.o
 .debug_line    0x0000131b      0x7d4 src/supercharge.o
 .debug_line    0x00001aef      0x69c src/misc_update.o
 .debug_line    0x0000218b       0xec src/custom_text.o
 .debug_line    0x00002277      0x5e3 src/gametime.o
 .debug_line    0x0000285a       0xcb src/check_region.o
 .debug_line    0x00002925      0x848 src/misc_functions.o

.debug_str      0x00000000     0x2836
 .debug_str     0x00000000     0x2836 src/custom_title_screen.o
                                0x8eb (size before relaxing)
 .debug_str     0x00002836      0xf33 src/menu_hooks.o
 .debug_str     0x00002836      0x368 src/main.o
 .debug_str     0x00002836     0x17f4 src/supercharge.o
 .debug_str     0x00002836     0x1b8b src/misc_update.o
 .debug_str     0x00002836      0x210 src/custom_text.o
 .debug_str     0x00002836     0x12b6 src/gametime.o
 .debug_str     0x00002836      0x1d4 src/check_region.o
 .debug_str     0x00002836      0xf12 src/misc_functions.o

.debug_frame    0x00000000      0x54c
 .debug_frame   0x00000000       0x5c src/custom_title_screen.o
 .debug_frame   0x0000005c      0x174 src/menu_hooks.o
 .debug_frame   0x000001d0       0x3c src/main.o
 .debug_frame   0x0000020c       0x7c src/supercharge.o
 .debug_frame   0x00000288       0x40 src/misc_update.o
 .debug_frame   0x000002c8       0x30 src/custom_text.o
 .debug_frame   0x000002f8       0xb8 src/gametime.o
 .debug_frame   0x000003b0       0x20 src/check_region.o
 .debug_frame   0x000003d0      0x17c src/misc_functions.o
