
Discarded input sections

 .reginfo       0x00000000       0x18 asm/inventoryToPauseHook.o
 .MIPS.abiflags
                0x00000000       0x18 asm/inventoryToPauseHook.o
 .reginfo       0x00000000       0x18 asm/inventoryToGameplayHook.o
 .MIPS.abiflags
                0x00000000       0x18 asm/inventoryToGameplayHook.o
 .reginfo       0x00000000       0x18 asm/inventoryToCreditsHook.o
 .MIPS.abiflags
                0x00000000       0x18 asm/inventoryToCreditsHook.o
 .reginfo       0x00000000       0x18 asm/openInventoryHook.o
 .MIPS.abiflags
                0x00000000       0x18 asm/openInventoryHook.o
 .reginfo       0x00000000       0x18 asm/cheat.o
 .MIPS.abiflags
                0x00000000       0x18 asm/cheat.o
 .reginfo       0x00000000       0x18 asm/beforeInventoryUpdateHook.o
 .MIPS.abiflags
                0x00000000       0x18 asm/beforeInventoryUpdateHook.o
 .reginfo       0x00000000       0x18 asm/beforePauseMenuUpdateHook.o
 .MIPS.abiflags
                0x00000000       0x18 asm/beforePauseMenuUpdateHook.o
 .reginfo       0x00000000       0x18 asm/quitGame.o
 .MIPS.abiflags
                0x00000000       0x18 asm/quitGame.o
 .reginfo       0x00000000       0x18 asm/menuTextHook.o
 .MIPS.abiflags
                0x00000000       0x18 asm/menuTextHook.o
 .reginfo       0x00000000       0x18 asm/beforeMenuTextHook.o
 .MIPS.abiflags
                0x00000000       0x18 asm/beforeMenuTextHook.o
 .reginfo       0x00000000       0x18 asm/beforeDeathHook.o
 .MIPS.abiflags
                0x00000000       0x18 asm/beforeDeathHook.o
 .reginfo       0x00000000       0x18 asm/dontDrawText1_pal.o
 .MIPS.abiflags
                0x00000000       0x18 asm/dontDrawText1_pal.o
 .reginfo       0x00000000       0x18 asm/dontDrawText2_pal.o
 .MIPS.abiflags
                0x00000000       0x18 asm/dontDrawText2_pal.o
 .reginfo       0x00000000       0x18 asm/disableChargeSound_pal.o
 .MIPS.abiflags
                0x00000000       0x18 asm/disableChargeSound_pal.o
 .reginfo       0x00000000       0x18 asm/overwriteRawInputs.o
 .MIPS.abiflags
                0x00000000       0x18 asm/overwriteRawInputs.o
 .reginfo       0x00000000       0x18 asm/exitLevelHook.o
 .MIPS.abiflags
                0x00000000       0x18 asm/exitLevelHook.o
 .reginfo       0x00000000       0x18 asm/stopSoundHook.o
 .MIPS.abiflags
                0x00000000       0x18 asm/stopSoundHook.o
 .reginfo       0x00000000       0x18 asm/stopSoundHook2.o
 .MIPS.abiflags
                0x00000000       0x18 asm/stopSoundHook2.o
 .reginfo       0x00000000       0x18 asm/fairyFix.o
 .MIPS.abiflags
                0x00000000       0x18 asm/fairyFix.o
 .reginfo       0x00000000       0x18 src/custom_title_screen.o
 .MIPS.abiflags
                0x00000000       0x18 src/custom_title_screen.o
 .pdr           0x00000000       0x40 src/custom_title_screen.o
 .reginfo       0x00000000       0x18 src/main.o
 .MIPS.abiflags
                0x00000000       0x18 src/main.o
 .pdr           0x00000000       0x40 src/main.o
 .reginfo       0x00000000       0x18 src/supercharge.o
 .MIPS.abiflags
                0x00000000       0x18 src/supercharge.o
 .pdr           0x00000000       0xa0 src/supercharge.o
 .reginfo       0x00000000       0x18 src/gametime.o
 .MIPS.abiflags
                0x00000000       0x18 src/gametime.o
 .pdr           0x00000000       0x80 src/gametime.o
 .reginfo       0x00000000       0x18 src/custom_text.o
 .MIPS.abiflags
                0x00000000       0x18 src/custom_text.o
 .pdr           0x00000000       0x20 src/custom_text.o
 .reginfo       0x00000000       0x18 src/misc_functions.o
 .MIPS.abiflags
                0x00000000       0x18 src/misc_functions.o
 .pdr           0x00000000      0x200 src/misc_functions.o
 .reginfo       0x00000000       0x18 src/check_region.o
 .MIPS.abiflags
                0x00000000       0x18 src/check_region.o
 .pdr           0x00000000       0x20 src/check_region.o
 .reginfo       0x00000000       0x18 src/misc_update.o
 .MIPS.abiflags
                0x00000000       0x18 src/misc_update.o
 .pdr           0x00000000       0x20 src/misc_update.o
 .reginfo       0x00000000       0x18 src/menu_hooks.o
 .MIPS.abiflags
                0x00000000       0x18 src/menu_hooks.o
 .pdr           0x00000000      0x140 src/menu_hooks.o

Memory Configuration

Name             Origin             Length             Attributes
*default*        0x00000000         0xffffffff

Linker script and memory map

LOAD asm/hook.o
LOAD asm/inventoryToPauseHook.o
LOAD asm/inventoryToGameplayHook.o
LOAD asm/inventoryToCreditsHook.o
LOAD asm/openInventoryHook.o
LOAD asm/cheat.o
LOAD asm/beforeInventoryUpdateHook.o
LOAD asm/beforePauseMenuUpdateHook.o
LOAD asm/quitGame.o
LOAD asm/menuTextHook.o
LOAD asm/beforeMenuTextHook.o
LOAD asm/beforeDeathHook.o
LOAD asm/dontDrawText1_pal.o
LOAD asm/dontDrawText2_pal.o
LOAD asm/disableChargeSound_pal.o
LOAD asm/overwriteRawInputs.o
LOAD asm/exitLevelHook.o
LOAD asm/stopSoundHook.o
LOAD asm/stopSoundHook2.o
LOAD asm/fairyFix.o
LOAD src/custom_title_screen.o
LOAD src/main.o
LOAD src/supercharge.o
LOAD src/gametime.o
LOAD src/custom_text.o
LOAD src/misc_functions.o
LOAD src/check_region.o
LOAD src/misc_update.o
LOAD src/menu_hooks.o
                0x8000a91c                        OVR_START_ADDR = 0x8000a91c
                0x800359bc                        __heap_base = __ovr_end
                0x8000a91c                        __ovr_start = 0x8000a91c

.MIPS.abiflags  0x00000000       0x18
 .MIPS.abiflags
                0x00000000       0x18 asm/hook.o

.asmhooks       0x8000a91c    0x2e76c
                0x80039084                        . = (. + 0x2e768)
 *fill*         0x8000a91c    0x2e768 
 asm/hook.o(.text*)
 .text          0x80039084        0x4 asm/hook.o
 asm/hook.o(.rodata*)
 asm/hook.o(.sdata*)
 asm/hook.o(.data*)
 .data          0x80039088        0x0 asm/hook.o
 asm/hook.o(.sbss*)
 asm/hook.o(.bss*)
 .bss           0x80039088        0x0 asm/hook.o
 asm/hook.o(.ctors)
                0x80039088                        . = ALIGN (0x4)
                0x800359bc                        __ovr_end = .
                [!provide]                        PROVIDE (__load_start_asmhooks = LOADADDR (.asmhooks))
                [!provide]                        PROVIDE (__load_stop_asmhooks = (LOADADDR (.asmhooks) + SIZEOF (.asmhooks)))

.asminventoryToPauseHooks
                0x8000a91c    0x29464 load address 0x80039088
                0x80033d7c                        . = (. + 0x29460)
 *fill*         0x8000a91c    0x29460 
 asm/inventoryToPauseHook.o(.text*)
 .text          0x80033d7c        0x4 asm/inventoryToPauseHook.o
 asm/inventoryToPauseHook.o(.rodata*)
 asm/inventoryToPauseHook.o(.sdata*)
 asm/inventoryToPauseHook.o(.data*)
 .data          0x80033d80        0x0 asm/inventoryToPauseHook.o
 asm/inventoryToPauseHook.o(.sbss*)
 asm/inventoryToPauseHook.o(.bss*)
 .bss           0x80033d80        0x0 asm/inventoryToPauseHook.o
 asm/inventoryToPauseHook.o(.ctors)
                0x80033d80                        . = ALIGN (0x4)
                0x800359bc                        __ovr_end = .
                [!provide]                        PROVIDE (__load_start_asminventoryToPauseHooks = LOADADDR (.asminventoryToPauseHooks))
                [!provide]                        PROVIDE (__load_stop_asminventoryToPauseHooks = (LOADADDR (.asminventoryToPauseHooks) + SIZEOF (.asminventoryToPauseHooks)))

.asminventoryToGameplayHooks
                0x8000a91c    0x29490 load address 0x800624ec
                0x80033da8                        . = (. + 0x2948c)
 *fill*         0x8000a91c    0x2948c 
 asm/inventoryToGameplayHook.o(.text*)
 .text          0x80033da8        0x4 asm/inventoryToGameplayHook.o
 asm/inventoryToGameplayHook.o(.rodata*)
 asm/inventoryToGameplayHook.o(.sdata*)
 asm/inventoryToGameplayHook.o(.data*)
 .data          0x80033dac        0x0 asm/inventoryToGameplayHook.o
 asm/inventoryToGameplayHook.o(.sbss*)
 asm/inventoryToGameplayHook.o(.bss*)
 .bss           0x80033dac        0x0 asm/inventoryToGameplayHook.o
 asm/inventoryToGameplayHook.o(.ctors)
                0x80033dac                        . = ALIGN (0x4)
                0x800359bc                        __ovr_end = .
                [!provide]                        PROVIDE (__load_start_asminventoryToGameplayHooks = LOADADDR (.asminventoryToGameplayHooks))
                [!provide]                        PROVIDE (__load_stop_asminventoryToGameplayHooks = (LOADADDR (.asminventoryToGameplayHooks) + SIZEOF (.asminventoryToGameplayHooks)))

.asminventoryToCreditsHooks
                0x8000a91c    0x27d28 load address 0x8008b97c
                0x80032640                        . = (. + 0x27d24)
 *fill*         0x8000a91c    0x27d24 
 asm/inventoryToCreditsHook.o(.text*)
 .text          0x80032640        0x4 asm/inventoryToCreditsHook.o
 asm/inventoryToCreditsHook.o(.rodata*)
 asm/inventoryToCreditsHook.o(.sdata*)
 asm/inventoryToCreditsHook.o(.data*)
 .data          0x80032644        0x0 asm/inventoryToCreditsHook.o
 asm/inventoryToCreditsHook.o(.sbss*)
 asm/inventoryToCreditsHook.o(.bss*)
 .bss           0x80032644        0x0 asm/inventoryToCreditsHook.o
 asm/inventoryToCreditsHook.o(.ctors)
                0x80032644                        . = ALIGN (0x4)
                0x800359bc                        __ovr_end = .
                [!provide]                        PROVIDE (__load_start_asminventoryToCreditsHooks = LOADADDR (.asminventoryToCreditsHooks))
                [!provide]                        PROVIDE (__load_stop_asminventoryToCreditsHooks = (LOADADDR (.asminventoryToCreditsHooks) + SIZEOF (.asminventoryToCreditsHooks)))

.asmopenInventoryHooks
                0x8000a91c    0x26edc load address 0x800b36a4
                0x800317f4                        . = (. + 0x26ed8)
 *fill*         0x8000a91c    0x26ed8 
 asm/openInventoryHook.o(.text*)
 .text          0x800317f4        0x4 asm/openInventoryHook.o
 asm/openInventoryHook.o(.rodata*)
 asm/openInventoryHook.o(.sdata*)
 asm/openInventoryHook.o(.data*)
 .data          0x800317f8        0x0 asm/openInventoryHook.o
 asm/openInventoryHook.o(.sbss*)
 asm/openInventoryHook.o(.bss*)
 .bss           0x800317f8        0x0 asm/openInventoryHook.o
 asm/openInventoryHook.o(.ctors)
                0x800317f8                        . = ALIGN (0x4)
                0x800359bc                        __ovr_end = .
                [!provide]                        PROVIDE (__load_start_asmopenInventoryHooks = LOADADDR (.asmopenInventoryHooks))
                [!provide]                        PROVIDE (__load_stop_asmopenInventoryHooks = (LOADADDR (.asmopenInventoryHooks) + SIZEOF (.asmopenInventoryHooks)))

.asmcheats      0x8000a91c    0x27f04 load address 0x800da580
                0x8003281c                        . = (. + 0x27f00)
 *fill*         0x8000a91c    0x27f00 
 asm/cheat.o(.text*)
 .text          0x8003281c        0x4 asm/cheat.o
 asm/cheat.o(.rodata*)
 asm/cheat.o(.sdata*)
 asm/cheat.o(.data*)
 .data          0x80032820        0x0 asm/cheat.o
 asm/cheat.o(.sbss*)
 asm/cheat.o(.bss*)
 .bss           0x80032820        0x0 asm/cheat.o
 asm/cheat.o(.ctors)
                0x80032820                        . = ALIGN (0x4)
                0x800359bc                        __ovr_end = .
                [!provide]                        PROVIDE (__load_start_asmcheats = LOADADDR (.asmcheats))
                [!provide]                        PROVIDE (__load_stop_asmcheats = (LOADADDR (.asmcheats) + SIZEOF (.asmcheats)))

.asmbeforeInventoryUpdateHooks
                0x8000a91c    0x2e204 load address 0x80102484
                0x80038b1c                        . = (. + 0x2e200)
 *fill*         0x8000a91c    0x2e200 
 asm/beforeInventoryUpdateHook.o(.text*)
 .text          0x80038b1c        0x4 asm/beforeInventoryUpdateHook.o
 asm/beforeInventoryUpdateHook.o(.rodata*)
 asm/beforeInventoryUpdateHook.o(.sdata*)
 asm/beforeInventoryUpdateHook.o(.data*)
 .data          0x80038b20        0x0 asm/beforeInventoryUpdateHook.o
 asm/beforeInventoryUpdateHook.o(.sbss*)
 asm/beforeInventoryUpdateHook.o(.bss*)
 .bss           0x80038b20        0x0 asm/beforeInventoryUpdateHook.o
 asm/beforeInventoryUpdateHook.o(.ctors)
                0x80038b20                        . = ALIGN (0x4)
                0x800359bc                        __ovr_end = .
                [!provide]                        PROVIDE (__load_start_asmbeforeInventoryUpdateHooks = LOADADDR (.asmbeforeInventoryUpdateHooks))
                [!provide]                        PROVIDE (__load_stop_asmbeforeInventoryUpdateHooks = (LOADADDR (.asmbeforeInventoryUpdateHooks) + SIZEOF (.asmbeforeInventoryUpdateHooks)))

.asmbeforePauseMenuUpdateHooks
                0x8000a91c    0x2e1ec load address 0x80130688
                0x80038b04                        . = (. + 0x2e1e8)
 *fill*         0x8000a91c    0x2e1e8 
 asm/beforePauseMenuUpdateHook.o(.text*)
 .text          0x80038b04        0x4 asm/beforePauseMenuUpdateHook.o
 asm/beforePauseMenuUpdateHook.o(.rodata*)
 asm/beforePauseMenuUpdateHook.o(.sdata*)
 asm/beforePauseMenuUpdateHook.o(.data*)
 .data          0x80038b08        0x0 asm/beforePauseMenuUpdateHook.o
 asm/beforePauseMenuUpdateHook.o(.sbss*)
 asm/beforePauseMenuUpdateHook.o(.bss*)
 .bss           0x80038b08        0x0 asm/beforePauseMenuUpdateHook.o
 asm/beforePauseMenuUpdateHook.o(.ctors)
                0x80038b08                        . = ALIGN (0x4)
                0x800359bc                        __ovr_end = .
                [!provide]                        PROVIDE (__load_start_asmbeforePauseMenuUpdateHooks = LOADADDR (.asmbeforePauseMenuUpdateHooks))
                [!provide]                        PROVIDE (__load_stop_asmbeforePauseMenuUpdateHooks = (LOADADDR (.asmbeforePauseMenuUpdateHooks) + SIZEOF (.asmbeforePauseMenuUpdateHooks)))

.asmquitGames   0x8000a91c    0x28884 load address 0x8015e874
                0x80033198                        . = (. + 0x2887c)
 *fill*         0x8000a91c    0x2887c 
 asm/quitGame.o(.text*)
 .text          0x80033198        0x8 asm/quitGame.o
 asm/quitGame.o(.rodata*)
 asm/quitGame.o(.sdata*)
 asm/quitGame.o(.data*)
 .data          0x800331a0        0x0 asm/quitGame.o
 asm/quitGame.o(.sbss*)
 asm/quitGame.o(.bss*)
 .bss           0x800331a0        0x0 asm/quitGame.o
 asm/quitGame.o(.ctors)
                0x800331a0                        . = ALIGN (0x4)
                0x800359bc                        __ovr_end = .
                [!provide]                        PROVIDE (__load_start_asmquitGames = LOADADDR (.asmquitGames))
                [!provide]                        PROVIDE (__load_stop_asmquitGames = (LOADADDR (.asmquitGames) + SIZEOF (.asmquitGames)))

.asmmenuTextHooks
                0x8000a91c    0x16588 load address 0x801870f8
                0x80020ea0                        . = (. + 0x16584)
 *fill*         0x8000a91c    0x16584 
 asm/menuTextHook.o(.text*)
 .text          0x80020ea0        0x4 asm/menuTextHook.o
 asm/menuTextHook.o(.rodata*)
 asm/menuTextHook.o(.sdata*)
 asm/menuTextHook.o(.data*)
 .data          0x80020ea4        0x0 asm/menuTextHook.o
 asm/menuTextHook.o(.sbss*)
 asm/menuTextHook.o(.bss*)
 .bss           0x80020ea4        0x0 asm/menuTextHook.o
 asm/menuTextHook.o(.ctors)
                0x80020ea4                        . = ALIGN (0x4)
                0x800359bc                        __ovr_end = .
                [!provide]                        PROVIDE (__load_start_asmmenuTextHooks = LOADADDR (.asmmenuTextHooks))
                [!provide]                        PROVIDE (__load_stop_asmmenuTextHooks = (LOADADDR (.asmmenuTextHooks) + SIZEOF (.asmmenuTextHooks)))

.asmbeforeMenuTextHooks
                0x8000a91c    0x19554 load address 0x8019d680
                0x80023e6c                        . = (. + 0x19550)
 *fill*         0x8000a91c    0x19550 
 asm/beforeMenuTextHook.o(.text*)
 .text          0x80023e6c        0x4 asm/beforeMenuTextHook.o
 asm/beforeMenuTextHook.o(.rodata*)
 asm/beforeMenuTextHook.o(.sdata*)
 asm/beforeMenuTextHook.o(.data*)
 .data          0x80023e70        0x0 asm/beforeMenuTextHook.o
 asm/beforeMenuTextHook.o(.sbss*)
 asm/beforeMenuTextHook.o(.bss*)
 .bss           0x80023e70        0x0 asm/beforeMenuTextHook.o
 asm/beforeMenuTextHook.o(.ctors)
                0x80023e70                        . = ALIGN (0x4)
                0x800359bc                        __ovr_end = .
                [!provide]                        PROVIDE (__load_start_asmbeforeMenuTextHooks = LOADADDR (.asmbeforeMenuTextHooks))
                [!provide]                        PROVIDE (__load_stop_asmbeforeMenuTextHooks = (LOADADDR (.asmbeforeMenuTextHooks) + SIZEOF (.asmbeforeMenuTextHooks)))

.asmbeforeDeathHooks
                0x8000a91c    0x45218 load address 0x801b6bd4
                0x8004fb30                        . = (. + 0x45214)
 *fill*         0x8000a91c    0x45214 
 asm/beforeDeathHook.o(.text*)
 .text          0x8004fb30        0x4 asm/beforeDeathHook.o
 asm/beforeDeathHook.o(.rodata*)
 asm/beforeDeathHook.o(.sdata*)
 asm/beforeDeathHook.o(.data*)
 .data          0x8004fb34        0x0 asm/beforeDeathHook.o
 asm/beforeDeathHook.o(.sbss*)
 asm/beforeDeathHook.o(.bss*)
 .bss           0x8004fb34        0x0 asm/beforeDeathHook.o
 asm/beforeDeathHook.o(.ctors)
                0x8004fb34                        . = ALIGN (0x4)
                0x800359bc                        __ovr_end = .
                [!provide]                        PROVIDE (__load_start_asmbeforeDeathHooks = LOADADDR (.asmbeforeDeathHooks))
                [!provide]                        PROVIDE (__load_stop_asmbeforeDeathHooks = (LOADADDR (.asmbeforeDeathHooks) + SIZEOF (.asmbeforeDeathHooks)))

.asmdontDrawText1_pals
                0x8000a91c    0x18d4c load address 0x801fbdec
                0x80023660                        . = (. + 0x18d44)
 *fill*         0x8000a91c    0x18d44 
 asm/dontDrawText1_pal.o(.text*)
 .text          0x80023660        0x8 asm/dontDrawText1_pal.o
 asm/dontDrawText1_pal.o(.rodata*)
 asm/dontDrawText1_pal.o(.sdata*)
 asm/dontDrawText1_pal.o(.data*)
 .data          0x80023668        0x0 asm/dontDrawText1_pal.o
 asm/dontDrawText1_pal.o(.sbss*)
 asm/dontDrawText1_pal.o(.bss*)
 .bss           0x80023668        0x0 asm/dontDrawText1_pal.o
 asm/dontDrawText1_pal.o(.ctors)
                0x80023668                        . = ALIGN (0x4)
                0x800359bc                        __ovr_end = .
                [!provide]                        PROVIDE (__load_start_asmdontDrawText1_pals = LOADADDR (.asmdontDrawText1_pals))
                [!provide]                        PROVIDE (__load_stop_asmdontDrawText1_pals = (LOADADDR (.asmdontDrawText1_pals) + SIZEOF (.asmdontDrawText1_pals)))

.asmdontDrawText2_pals
                0x8000a91c    0x18dbc load address 0x80214b38
                0x800236d0                        . = (. + 0x18db4)
 *fill*         0x8000a91c    0x18db4 
 asm/dontDrawText2_pal.o(.text*)
 .text          0x800236d0        0x8 asm/dontDrawText2_pal.o
 asm/dontDrawText2_pal.o(.rodata*)
 asm/dontDrawText2_pal.o(.sdata*)
 asm/dontDrawText2_pal.o(.data*)
 .data          0x800236d8        0x0 asm/dontDrawText2_pal.o
 asm/dontDrawText2_pal.o(.sbss*)
 asm/dontDrawText2_pal.o(.bss*)
 .bss           0x800236d8        0x0 asm/dontDrawText2_pal.o
 asm/dontDrawText2_pal.o(.ctors)
                0x800236d8                        . = ALIGN (0x4)
                0x800359bc                        __ovr_end = .
                [!provide]                        PROVIDE (__load_start_asmdontDrawText2_pals = LOADADDR (.asmdontDrawText2_pals))
                [!provide]                        PROVIDE (__load_stop_asmdontDrawText2_pals = (LOADADDR (.asmdontDrawText2_pals) + SIZEOF (.asmdontDrawText2_pals)))

.asmdisableChargeSound_pals
                0x8000a91c    0x39c08 load address 0x8022d8f4
                0x8004451c                        . = (. + 0x39c00)
 *fill*         0x8000a91c    0x39c00 
 asm/disableChargeSound_pal.o(.text*)
 .text          0x8004451c        0x8 asm/disableChargeSound_pal.o
 asm/disableChargeSound_pal.o(.rodata*)
 asm/disableChargeSound_pal.o(.sdata*)
 asm/disableChargeSound_pal.o(.data*)
 .data          0x80044524        0x0 asm/disableChargeSound_pal.o
 asm/disableChargeSound_pal.o(.sbss*)
 asm/disableChargeSound_pal.o(.bss*)
 .bss           0x80044524        0x0 asm/disableChargeSound_pal.o
 asm/disableChargeSound_pal.o(.ctors)
                0x80044524                        . = ALIGN (0x4)
                0x800359bc                        __ovr_end = .
                [!provide]                        PROVIDE (__load_start_asmdisableChargeSound_pals = LOADADDR (.asmdisableChargeSound_pals))
                [!provide]                        PROVIDE (__load_stop_asmdisableChargeSound_pals = (LOADADDR (.asmdisableChargeSound_pals) + SIZEOF (.asmdisableChargeSound_pals)))

.asmoverwriteRawInputss
                0x8000a91c    0x63d04 load address 0x802674fc
                0x8006e618                        . = (. + 0x63cfc)
 *fill*         0x8000a91c    0x63cfc 
 asm/overwriteRawInputs.o(.text*)
 .text          0x8006e618        0x8 asm/overwriteRawInputs.o
 asm/overwriteRawInputs.o(.rodata*)
 asm/overwriteRawInputs.o(.sdata*)
 asm/overwriteRawInputs.o(.data*)
 .data          0x8006e620        0x0 asm/overwriteRawInputs.o
 asm/overwriteRawInputs.o(.sbss*)
 asm/overwriteRawInputs.o(.bss*)
 .bss           0x8006e620        0x0 asm/overwriteRawInputs.o
 asm/overwriteRawInputs.o(.ctors)
                0x8006e620                        . = ALIGN (0x4)
                0x800359bc                        __ovr_end = .
                [!provide]                        PROVIDE (__load_start_asmoverwriteRawInputss = LOADADDR (.asmoverwriteRawInputss))
                [!provide]                        PROVIDE (__load_stop_asmoverwriteRawInputss = (LOADADDR (.asmoverwriteRawInputss) + SIZEOF (.asmoverwriteRawInputss)))

.asmexitLevelHooks
                0x8000a91c    0x291a8 load address 0x802cb200
                0x80033abc                        . = (. + 0x291a0)
 *fill*         0x8000a91c    0x291a0 
 asm/exitLevelHook.o(.text*)
 .text          0x80033abc        0x8 asm/exitLevelHook.o
 asm/exitLevelHook.o(.rodata*)
 asm/exitLevelHook.o(.sdata*)
 asm/exitLevelHook.o(.data*)
 .data          0x80033ac4        0x0 asm/exitLevelHook.o
 asm/exitLevelHook.o(.sbss*)
 asm/exitLevelHook.o(.bss*)
 .bss           0x80033ac4        0x0 asm/exitLevelHook.o
 asm/exitLevelHook.o(.ctors)
                0x80033ac4                        . = ALIGN (0x4)
                0x800359bc                        __ovr_end = .
                [!provide]                        PROVIDE (__load_start_asmexitLevelHooks = LOADADDR (.asmexitLevelHooks))
                [!provide]                        PROVIDE (__load_stop_asmexitLevelHooks = (LOADADDR (.asmexitLevelHooks) + SIZEOF (.asmexitLevelHooks)))

.asmstopSoundHooks
                0x8000a91c    0x26d48 load address 0x802f43a8
                0x80031660                        . = (. + 0x26d44)
 *fill*         0x8000a91c    0x26d44 
 asm/stopSoundHook.o(.text*)
 .text          0x80031660        0x4 asm/stopSoundHook.o
 asm/stopSoundHook.o(.rodata*)
 asm/stopSoundHook.o(.sdata*)
 asm/stopSoundHook.o(.data*)
 .data          0x80031664        0x0 asm/stopSoundHook.o
 asm/stopSoundHook.o(.sbss*)
 asm/stopSoundHook.o(.bss*)
 .bss           0x80031664        0x0 asm/stopSoundHook.o
 asm/stopSoundHook.o(.ctors)
                0x80031664                        . = ALIGN (0x4)
                0x800359bc                        __ovr_end = .
                [!provide]                        PROVIDE (__load_start_asmstopSoundHooks = LOADADDR (.asmstopSoundHooks))
                [!provide]                        PROVIDE (__load_stop_asmstopSoundHooks = (LOADADDR (.asmstopSoundHooks) + SIZEOF (.asmstopSoundHooks)))

.asmstopSoundHook2s
                0x8000a91c    0x2da8c load address 0x8031b0f0
                0x800383a4                        . = (. + 0x2da88)
 *fill*         0x8000a91c    0x2da88 
 asm/stopSoundHook2.o(.text*)
 .text          0x800383a4        0x4 asm/stopSoundHook2.o
 asm/stopSoundHook2.o(.rodata*)
 asm/stopSoundHook2.o(.sdata*)
 asm/stopSoundHook2.o(.data*)
 .data          0x800383a8        0x0 asm/stopSoundHook2.o
 asm/stopSoundHook2.o(.sbss*)
 asm/stopSoundHook2.o(.bss*)
 .bss           0x800383a8        0x0 asm/stopSoundHook2.o
 asm/stopSoundHook2.o(.ctors)
                0x800383a8                        . = ALIGN (0x4)
                0x800359bc                        __ovr_end = .
                [!provide]                        PROVIDE (__load_start_asmstopSoundHook2s = LOADADDR (.asmstopSoundHook2s))
                [!provide]                        PROVIDE (__load_stop_asmstopSoundHook2s = (LOADADDR (.asmstopSoundHook2s) + SIZEOF (.asmstopSoundHook2s)))

.asmfairyFixs   0x8000a91c    0x2742c load address 0x80348b7c
                0x80031d3c                        . = (. + 0x27420)
 *fill*         0x8000a91c    0x27420 
 asm/fairyFix.o(.text*)
 .text          0x80031d3c        0xc asm/fairyFix.o
 asm/fairyFix.o(.rodata*)
 asm/fairyFix.o(.sdata*)
 asm/fairyFix.o(.data*)
 .data          0x80031d48        0x0 asm/fairyFix.o
 asm/fairyFix.o(.sbss*)
 asm/fairyFix.o(.bss*)
 .bss           0x80031d48        0x0 asm/fairyFix.o
 asm/fairyFix.o(.ctors)
                0x80031d48                        . = ALIGN (0x4)
                0x800359bc                        __ovr_end = .
                [!provide]                        PROVIDE (__load_start_asmfairyFixs = LOADADDR (.asmfairyFixs))
                [!provide]                        PROVIDE (__load_stop_asmfairyFixs = (LOADADDR (.asmfairyFixs) + SIZEOF (.asmfairyFixs)))

.TitleScreen    0x8000a91c      0x7a0 load address 0x8036ffa8
 src/custom_title_screen.o(.text*)
 .text          0x8000a91c        0x0 src/custom_title_screen.o
 .text.boolToAscii
                0x8000a91c       0x20 src/custom_title_screen.o
                0x8000a91c                boolToAscii
 .text.CustomTitleScreen
                0x8000a93c      0x758 src/custom_title_screen.o
                0x8000a93c                CustomTitleScreen
 src/custom_title_screen.o(.rodata*)
 src/custom_title_screen.o(.sdata*)
 .sdata         0x8000b094       0x18 src/custom_title_screen.o
                0x8000b094                asciiFalse
                0x8000b098                asciiTrue
                0x8000b09c                modDefaultOptions
                0x8000b0a0                modOptions
                0x8000b0a4                customMenuColorArray
 src/custom_title_screen.o(.data*)
 .data          0x8000b0ac        0x0 src/custom_title_screen.o
 src/custom_title_screen.o(.sbss*)
 .sbss          0x8000b0ac       0x10 src/custom_title_screen.o
                0x8000b0ac                customMenuSelectionColorFrames
                0x8000b0b0                customMenuSelection
                0x8000b0b4                customMenuState
                0x8000b0b8                mod_state
 src/custom_title_screen.o(.bss*)
 .bss           0x8000b0bc        0x0 src/custom_title_screen.o
 src/custom_title_screen.o(.ctors)
                0x8000b0bc                        . = ALIGN (0x4)
                0x800359bc                        __ovr_end = .
                [!provide]                        PROVIDE (__load_start_TitleScreen = LOADADDR (.TitleScreen))
                [!provide]                        PROVIDE (__load_stop_TitleScreen = (LOADADDR (.TitleScreen) + SIZEOF (.TitleScreen)))

.OtherStuff     0x8000a91c    0x2c554 load address 0x80370748
                0x80036558                        . = (. + 0x2bc3c)
 *fill*         0x8000a91c    0x2bc3c 
 src/main.o(.text*)
 .text          0x80036558        0x0 src/main.o
 .text.ignoreFairy
                0x80036558        0xc src/main.o
                0x80036558                ignoreFairy
 .text.MainFunc
                0x80036564       0x2c src/main.o
                0x80036564                MainFunc
 src/supercharge.o(.text*)
 .text          0x80036590        0x0 src/supercharge.o
 .text.setDefaultOffset
                0x80036590       0x60 src/supercharge.o
                0x80036590                setDefaultOffset
 .text.IsInAnySuperchargeSubState
                0x800365f0       0x4c src/supercharge.o
                0x800365f0                IsInAnySuperchargeSubState
 .text.IsInAnyFlyingState
                0x8003663c       0x18 src/supercharge.o
                0x8003663c                IsInAnyFlyingState
 .text.SuperchargeUpdate
                0x80036654      0x5cc src/supercharge.o
                0x80036654                SuperchargeUpdate
 .text.SharpTurning
                0x80036c20      0x194 src/supercharge.o
                0x80036c20                SharpTurning
 src/main.o(.rodata*)
 src/supercharge.o(.rodata*)
 src/main.o(.sdata*)
 src/supercharge.o(.sdata*)
 .sdata         0x80036db4        0x4 src/supercharge.o
                0x80036db4                defaultOffset
 src/main.o(.data*)
 .data          0x80036db8        0x0 src/main.o
 src/supercharge.o(.data*)
 .data          0x80036db8       0xa0 src/supercharge.o
                0x80036db8                levelHeightCaps
 src/main.o(.sbss*)
 src/supercharge.o(.sbss*)
 .sbss          0x80036e58       0x18 src/supercharge.o
                0x80036e58                chargeTransitionTime
                0x80036e5c                chargeTransitionMomentum
                0x80036e60                chargeTransitionMomentumStart
                0x80036e64                superchargeHeightStartedOffset
                0x80036e68                lootFirstHeightcap
                0x80036e69                xButtonDurationInterval
                0x80036e6a                xButtonDuration
                0x80036e6b                xButtonFlag
                0x80036e6c                chargeTransitionFlag
                0x80036e6d                sharpTurnFlag
                0x80036e6e                newTriangleDrop
                0x80036e6f                isSupercharging
 src/main.o(.bss*)
 .bss           0x80036e70        0x0 src/main.o
 src/supercharge.o(.bss*)
 .bss           0x80036e70        0x0 src/supercharge.o
 src/main.o(.ctors)
 src/supercharge.o(.ctors)
                0x80036e70                        . = ALIGN (0x4)
                0x800359bc                        __ovr_end = .
                [!provide]                        PROVIDE (__load_start_OtherStuff = LOADADDR (.OtherStuff))
                [!provide]                        PROVIDE (__load_stop_OtherStuff = (LOADADDR (.OtherStuff) + SIZEOF (.OtherStuff)))

.IGT            0x8000a91c    0x18314 load address 0x8039cc9c
                0x80022058                        . = (. + 0x1773c)
 *fill*         0x8000a91c    0x1773c 
 src/gametime.o(.text*)
 .text          0x80022058        0x0 src/gametime.o
 .text.getCurrentIGT
                0x80022058      0x2ac src/gametime.o
                0x80022058                getCurrentIGT
 .text.colonOffset
                0x80022304       0x54 src/gametime.o
                0x80022304                colonOffset
 .text.DrawIGT  0x80022358      0x278 src/gametime.o
                0x80022358                DrawIGT
 .text.GameTime
                0x800225d0      0x300 src/gametime.o
                0x800225d0                GameTime
 src/custom_text.o(.text*)
 .text          0x800228d0        0x0 src/custom_text.o
 .text.MobyRender
                0x800228d0       0x50 src/custom_text.o
                0x800228d0                MobyRender
 src/gametime.o(.rodata*)
 .rodata.str1.4
                0x80022920      0x247 src/gametime.o
                                 0x9e (size before relaxing)
 src/custom_text.o(.rodata*)
 .rodata.str1.4
                0x80022b67      0x1b3 src/custom_text.o
 src/gametime.o(.sdata*)
 src/custom_text.o(.sdata*)
 src/gametime.o(.data*)
 *fill*         0x80022b67        0x1 
 .data          0x80022b68        0xc src/gametime.o
                0x80022b68                gameTimeStrings
 src/custom_text.o(.data*)
 .data          0x80022b74       0x80 src/custom_text.o
                0x80022b74                stringList
 src/gametime.o(.sbss*)
 .sbss          0x80022bf4       0x20 src/gametime.o
                0x80022bf4                timerArray
                0x80022bfc                hideGameTime
                0x80022c00                alignmentOffset
                0x80022c01                calibrationInfoTimer
                0x80022c02                sharpTurnOffset
                0x80022c04                customLootTimer
                0x80022c08                currentLevel
                0x80022c0c                levelGameTime
                0x80022c10                totalGameTime
 src/custom_text.o(.sbss*)
 src/gametime.o(.bss*)
 .bss           0x80022c14       0x1c src/gametime.o
                0x80022c14                asciiTime
                0x80022c20                sharpTurnInfo
 src/custom_text.o(.bss*)
 .bss           0x80022c30        0x0 src/custom_text.o
 src/gametime.o(.ctors)
 src/custom_text.o(.ctors)
                0x80022c30                        . = ALIGN (0x4)
                0x800359bc                        __ovr_end = .
                [!provide]                        PROVIDE (__load_start_IGT = LOADADDR (.IGT))
                [!provide]                        PROVIDE (__load_stop_IGT = (LOADADDR (.IGT) + SIZEOF (.IGT)))

.IL             0x8000a91c    0x62770 load address 0x803b4fb0
                0x8006bcb4                        . = (. + 0x61398)
 *fill*         0x8000a91c    0x61398 
 src/misc_functions.o(.text*)
 .text          0x8006bcb4        0x0 src/misc_functions.o
 .text.UndoInventoryChanges
                0x8006bcb4       0x58 src/misc_functions.o
                0x8006bcb4                UndoInventoryChanges
 .text.PreventStopSound
                0x8006bd0c        0x8 src/misc_functions.o
                0x8006bd0c                PreventStopSound
 .text.PreventStopSoundCutscene
                0x8006bd14       0x2c src/misc_functions.o
                0x8006bd14                PreventStopSoundCutscene
 .text.SkipIntro
                0x8006bd40      0x140 src/misc_functions.o
                0x8006bd40                SkipIntro
 .text.LoadIGTMenu
                0x8006be80      0x16c src/misc_functions.o
                0x8006be80                LoadIGTMenu
 .text.BeforeDeath
                0x8006bfec       0x88 src/misc_functions.o
                0x8006bfec                BeforeDeath
 .text.PrepareWarping
                0x8006c074       0x54 src/misc_functions.o
                0x8006c074                PrepareWarping
 .text.LoadCustomTitleScreen
                0x8006c0c8       0x4c src/misc_functions.o
                0x8006c0c8                LoadCustomTitleScreen
 .text.ReturnToCustomTitleScreen
                0x8006c114       0x64 src/misc_functions.o
                0x8006c114                ReturnToCustomTitleScreen
 .text.ResetLevelCollectables
                0x8006c178       0x94 src/misc_functions.o
                0x8006c178                ResetLevelCollectables
 .text.AddVisualFlightGems
                0x8006c20c       0x50 src/misc_functions.o
                0x8006c20c                AddVisualFlightGems
 .text.LevelComplete
                0x8006c25c      0x168 src/misc_functions.o
                0x8006c25c                LevelComplete
 .text.SaveAndLoadCollectables
                0x8006c3c4      0x2e4 src/misc_functions.o
                0x8006c3c4                SaveAndLoadCollectables
 .text.StopDrawWorldAndObjects
                0x8006c6a8       0x3c src/misc_functions.o
                0x8006c6a8                StopDrawWorldAndObjects
 .text.RestartDrawWorldAndObjects
                0x8006c6e4       0x58 src/misc_functions.o
                0x8006c6e4                RestartDrawWorldAndObjects
 .text.NoDragonAnimation
                0x8006c73c       0x7c src/misc_functions.o
                0x8006c73c                NoDragonAnimation
 src/check_region.o(.text*)
 .text          0x8006c7b8        0x0 src/check_region.o
 .text.CheckRegion
                0x8006c7b8       0x18 src/check_region.o
                0x8006c7b8                CheckRegion
 src/misc_update.o(.text*)
 .text          0x8006c7d0        0x0 src/misc_update.o
 .text.MiscUpdate
                0x8006c7d0      0x77c src/misc_update.o
                0x8006c7d0                MiscUpdate
 src/misc_functions.o(.rodata*)
 .rodata.str1.4
                0x8006cf4c        0xa src/misc_functions.o
 src/check_region.o(.rodata*)
 src/misc_update.o(.rodata*)
 src/misc_functions.o(.sdata*)
 src/check_region.o(.sdata*)
 src/misc_update.o(.sdata*)
 src/misc_functions.o(.data*)
 *fill*         0x8006cf56        0x2 
 .data          0x8006cf58        0x0 src/misc_functions.o
 src/check_region.o(.data*)
 .data          0x8006cf58        0x0 src/check_region.o
 src/misc_update.o(.data*)
 .data          0x8006cf58        0x0 src/misc_update.o
 src/misc_functions.o(.sbss*)
 .sbss          0x8006cf58        0xd src/misc_functions.o
                0x8006cf58                guidebookDialogState
                0x8006cf5c                previousInventoryPage
                0x8006cf5d                realLevelIDIndex
                0x8006cf5e                inventoryIndex
                0x8006cf5f                warpingUnlocked
                0x8006cf60                currentEggs
                0x8006cf61                currentDragons
                0x8006cf62                currentGems
                0x8006cf64                soundEffectDuration
 src/check_region.o(.sbss*)
 src/misc_update.o(.sbss*)
 *fill*         0x8006cf65        0x3 
 .sbss          0x8006cf68       0x16 src/misc_update.o
                0x8006cf68                madeDragonsInstant
                0x8006cf6c                currentFlightCollectableFlags
                0x8006cf74                startLevel
                0x8006cf78                seenFlightCollectables
                0x8006cf79                newBestTime
                0x8006cf7a                IGTpage
                0x8006cf7b                timeTrialFailedReason
                0x8006cf7c                endingType
                0x8006cf7d                gnastyTimer
 src/misc_functions.o(.bss*)
 *fill*         0x8006cf7e        0x2 
 .bss           0x8006cf80      0x10c src/misc_functions.o
                0x8006cf80                collectedEggsPerLevel
                0x8006cf94                collectedDragonsPerLevel
                0x8006cfb8                collectedGemsPerLevel
                0x8006d000                bestTimes
 src/check_region.o(.bss*)
 .bss           0x8006d08c        0x0 src/check_region.o
 src/misc_update.o(.bss*)
 .bss           0x8006d08c        0x0 src/misc_update.o
 src/misc_functions.o(.ctors)
 src/check_region.o(.ctors)
 src/misc_update.o(.ctors)
                0x8006d08c                        . = ALIGN (0x4)
                0x800359bc                        __ovr_end = .
                [!provide]                        PROVIDE (__load_start_IL = LOADADDR (.IL))
                [!provide]                        PROVIDE (__load_stop_IL = (LOADADDR (.IL) + SIZEOF (.IL)))

.Misc           0x8000a91c    0x2b0a0 load address 0x80417720
                0x800980b8                        . = (. + 0x29a98)
 *fill*         0x8000a91c    0x29a98 
 src/menu_hooks.o(.text*)
 .text          0x800343b4        0x0 src/menu_hooks.o
 .text.OpenInventoryHook
                0x800343b4       0x44 src/menu_hooks.o
                0x800343b4                OpenInventoryHook
 .text.BeforeMenuText
                0x800343f8       0xf4 src/menu_hooks.o
                0x800343f8                BeforeMenuText
 .text.MenuTextMain
                0x800344ec      0xbbc src/menu_hooks.o
                0x800344ec                MenuTextMain
 .text.BeforePauseMenuUpdate
                0x800350a8       0x8c src/menu_hooks.o
                0x800350a8                BeforePauseMenuUpdate
 .text.BeforeInventoryUpdate
                0x80035134      0x730 src/menu_hooks.o
                0x80035134                BeforeInventoryUpdate
 .text.QuitSpeedway
                0x80035864       0x40 src/menu_hooks.o
                0x80035864                QuitSpeedway
 .text.BeforeCheatCode
                0x800358a4       0x80 src/menu_hooks.o
                0x800358a4                BeforeCheatCode
 .text.InventoryToPause
                0x80035924       0x28 src/menu_hooks.o
                0x80035924                InventoryToPause
 .text.InventoryToGameplayHook
                0x8003594c       0x1c src/menu_hooks.o
                0x8003594c                InventoryToGameplayHook
 .text.InventoryToCredits
                0x80035968       0x28 src/menu_hooks.o
                0x80035968                InventoryToCredits
 src/menu_hooks.o(.rodata*)
 src/menu_hooks.o(.sdata*)
 src/menu_hooks.o(.data*)
 .data          0x80035990       0x23 src/menu_hooks.o
                0x80035990                levelStringXPosition
 src/menu_hooks.o(.sbss*)
 *fill*         0x800359b3        0x1 
 .sbss          0x800359b4        0x6 src/menu_hooks.o
                0x800359b4                warpLevelID
                0x800359b8                selectedQuitGame
                0x800359b9                warping
 src/menu_hooks.o(.bss*)
 *fill*         0x800359ba        0x2 
 .bss           0x800359bc        0x0 src/menu_hooks.o
 src/menu_hooks.o(.ctors)
                0x800359bc                        . = ALIGN (0x4)
                0x800359bc                        __ovr_end = .
                [!provide]                        PROVIDE (__load_start_Misc = LOADADDR (.Misc))
                [!provide]                        PROVIDE (__load_stop_Misc = (LOADADDR (.Misc) + SIZEOF (.Misc)))
                0x80068448                        sprintf = 0x80068448
                0x8007f3e8                        _spyro = 0x8007f3e8
                0x8007f638                        _onSuperchargeGround = 0x8007f638
                0x8007dd08                        _currentButtonOneFrame = 0x8007dd08
                0x8007dd10                        _currentButton = 0x8007dd10
                0x8007f538                        _inabilityToReglide = 0x8007f538
                0x80042110                        UpdateSpyroAnim = 0x80042110
                0x80042114                        UpdateSpyroAnim_2 = 0x80042114
                0x800324b8                        TheAdventureBegins = 0x800324b8
                0x8001e524                        menuColorR = 0x8001e524
                0x8001e52c                        menuColorG = 0x8001e52c
                0x8007bf34                        _isPastTitleScreen = 0x8007bf34
                0x8007c094                        _startMenuState = 0x8007c094
                0x8007bfe8                        _startMenuSelection = 0x8007bfe8
                0x8007aec8                        _globalTimer = 0x8007aec8
                0x8007c188                        _levelID = 0x8007c188
                0x8007c23c                        _altLevelID = 0x8007c23c
                0x8007c0a4                        _gameState = 0x8007c0a4
                0x8007f634                        _abilityToFly = 0x8007f634
                0x8007f4b0                        _somethingSuperchargeRelated = 0x8007f4b0
                0x8007c134                        _levelLoadState = 0x8007c134
                0x8007d9e8                        _dragonState = 0x8007d9e8
                0x8007c130                        _globalGems = 0x8007c130
                0x8007c100                        _globalLives = 0x8007c100
                0x8005c194                        StopAllSounds = 0x8005c194
                0x8005c574                        UnkFunction3 = 0x8005c574
                0x80060c08                        UnkFunction4 = 0x80060c08
                0x8001a620                        memset = 0x8001a620
                0x80067b28                        memcpy = 0x80067b28
                0x8007f708                        _unkVar1 = 0x8007f708
                0x8007f70c                        _unkVar2 = 0x8007f70c
                0x8007f724                        _whichScutscene = 0x8007f724
                0x80016360                        UnkFunction6 = 0x80016360
                0x8001bd5c                        DrawTextAll = 0x8001bd5c
                0x8001c368                        DrawTextBox = 0x8001c368
                0x80078698                        _ptrTextUnk = 0x80078698
                0x8001c5c8                        CopyHudToShaded = 0x8001c5c8
                0x80027a64                        DrawShadedMobys = 0x80027a64
                0x8007bfd8                        _ptr_HudMobyData = 0x8007bfd8
                0x800720ec                        _unk_spinRelated = 0x800720ec
                0x8005c194                        StopSounds = 0x8005c194
                0x8005b0e4                        PlaySoundEffect = 0x8005b0e4
                0x8007c068                        _unkVar3 = 0x8007c068
                0x8007f0f8                        _superflameTimer = 0x8007f0f8
                0x8007bf58                        _isInFlightLevel = 0x8007bf58
                0x8007bec4                        theEgg = 0x8007bec4
                0x8007f032                        _rawButtons = 0x8007f032
                0x8007f035                        _rawRightAnalogX = 0x8007f035
                0x8007f034                        _rawRightAnalogY = 0x8007f034
                0x8007f036                        _rawLeftAnalogX = 0x8007f036
                0x8007f037                        _rawLeftAnalogY = 0x8007f037
                0x80031460                        PausingRelated = 0x80031460
                0x80059c6c                        FUN_80059c6c = 0x80059c6c
                0x80059ff4                        FUN_80059ff4 = 0x80059ff4
                0x8001e2c4                        maybe_drawMenuText = 0x8001e2c4
                0x8001ce34                        FillScreenColor = 0x8001ce34
                0x8001df08                        UnkFunction7 = 0x8001df08
                0x8007c078                        _currentCreditsLevel = 0x8007c078
                0x8003237c                        maybe_anyCutsceneTrigger = 0x8003237c
                0x80038340                        maybe_beforeAnyCutsceneTrigger = 0x80038340
                0x8003229c                        LoadCredits = 0x8003229c
                0x8007e180                        _balloonistCurrentOption = 0x8007e180
                0x8007f43c                        _currentAnimationState = 0x8007f43c
                0x8007c194                        _heightCap = 0x8007c194
                0x8007f540                        _variableHeightCap = 0x8007f540
                0x8015bca4                        _gnastyGnorc = 0x8015bca4
                0x8007c234                        _levelIDIndex = 0x8007c234
                0x80043ee8                        TestFunc = 0x80043ee8
                0x80036ed8                        DragonRelated = 0x80036ed8
                0x80157d04                        _lootTimer = 0x80157d04
                0x800385c0                        ReturnHomeAfterCredits = 0x800385c0
                0x80031658                        ExitLevel = 0x80031658
                0x80037374                        _superchargeInputRelated = 0x80037374
                0x8003189c                        SetGamestateDeath = 0x8003189c
                0x80030a04                        _drawWorldFunc = 0x80030a04
                0x8001d3fc                        _drawObjectsFunc = 0x8001d3fc
                0x8005ca68                        _drawParticlesFunc = 0x8005ca68
                0x80074bc8                        _maxGemsPerLevel = 0x80074bc8
                0x80074ba4                        _maxDragonsPerLevel = 0x80074ba4
                0x80074c10                        _maxEggsPerLevel = 0x80074c10
                0x8007ddb0                        _gemsPerLevel = 0x8007ddb0
                0x8007dc68                        _dragonsPerLevel = 0x8007dc68
                0x8007d978                        _eggsPerLevel = 0x8007d978
                0x8007e298                        _collectablesBitflags = 0x8007e298
                0x8007c104                        _keyState = 0x8007c104
                0x8007c024                        _ptr_keyChestHostGem = 0x8007c024
                0x8007e218                        _shouldRespawnAtCheckpoint = 0x8007e218
                0x80155a50                        _lootKey1 = 0x80155a50
                0x80155a80                        _lootKey2 = 0x80155a80
                0x80156a88                        _lootKey3 = 0x80156a88
                0x80155ab0                        _lootKey4 = 0x80155ab0
                0x8007c01c                        _globalDragons = 0x8007c01c
                0x8007c0e4                        _globalEggs = 0x8007c0e4
                0x80059ff4                        maybe_HUDdrawingRelated = 0x80059ff4
                0x800317fc                        InventoryToGameplay = 0x800317fc
                0x80031574                        PausedToGameplay = 0x80031574
                0x80010940                        _setExitLevelText = 0x80010940
                0x8001fd90                        _setExitLevelOffset = 0x8001fd90
                0x8001d05c                        DrawHUD = 0x8001d05c
                0x80059950                        DrawLives = 0x80059950
                0x8007e93a                        _HUDlivesInfo = 0x8007e93a
                0x8007e2a0                        _artisansLiveFlag = 0x8007e2a0
                0x8007e360                        _peaceKeepersLiveFlag = 0x8007e360
                0x8007e41c                        _magicCraftersLiveFlag = 0x8007e41c
                0x8007e4e8                        _beastMakersLiveFlag = 0x8007e4e8
                0x8007e5a8                        _dreamWeaversLiveFlag = 0x8007e5a8
                0x8007e658                        _gnastysWorldDragonFlag = 0x8007e658
                0x8007e6b8                        _gnastyGnorcFistGemFlag = 0x8007e6b8
                0x8007e27c                        _blowhardPhase = 0x8007e27c
                0x8007c1bc                        _orbCount = 0x8007c1bc
                0x800108ec                        _inventoryString = 0x800108ec
                0x800317fc                        InventoryToGameplay = 0x800317fc
                0x800325f0                        InventoryCheatCodes = 0x800325f0
                0x80033b20                        InventoryUpdate = 0x80033b20
                0x8007c010                        _inventoryPage = 0x8007c010
                0x8007f808                        _enteredLevelFlags = 0x8007f808
                0x8001fecc                        _midInventoryHookAddress = 0x8001fecc
                0x8005e360                        TextAnimation = 0x8005e360
                0x80075468                        _ptr_levelName = 0x80075468
                0x800753f0                        _ptr_homeworldName = 0x800753f0
                0x8007c098                        _inventoryPageTransition = 0x8007c098
                0x8007c1c8                        _flightIGT = 0x8007c1c8
                0x8007c1dc                        _flightLevelExpirationTimer = 0x8007c1dc
                0x80031754                        OpenInventory = 0x80031754
                0x8007efc0                        _flightCollectedItems = 0x8007efc0
                0x8007efa8                        _flightLevelTimes = 0x8007efa8
                0x8007c010                        _flightMenuState = 0x8007c010
                0x8007c1d4                        _quitFlightFromPause = 0x8007c1d4
                0x8007f010                        _permanentFlightCollectableFlags = 0x8007f010
                0x8007e748                        _loadScreenVisualGems = 0x8007e748
                0x8007bf90                        _loadScreenVisualGemsAmount = 0x8007bf90
                0x8007cb18                        _someDragonThing = 0x8007cb18
                0x80031be0                        GameplayAfterDragon = 0x80031be0
                0x800318e4                        DragonSkip = 0x800318e4
                0x8007c0fc                        _ptrLevelMobys = 0x8007c0fc
                0x80041b10                        YetAnotherUnkFunc = 0x80041b10
                0x8016c2cc                        _nestor = 0x8016c2cc
                0x8001fd90                        _ptr_exitLevel = 0x8001fd90
                0x8001fd18                        _ptr_quit = 0x8001fd18
                0x8001fdd8                        _ptr_quitGame = 0x8001fdd8
                0x8001c290                        DrawArrow = 0x8001c290
                0x8007c18c                        _textDrawingTimer = 0x8007c18c
                0x80032d58                        PauseMenuUpdate = 0x80032d58
                0x8016d5b4                        _delbin = 0x8016d5b4
                0x80081059                        _setGnexusDragonToMagnus = 0x80081059
                0x8007c18c                        _menuTimer = 0x8007c18c
OUTPUT(mod.elf elf32-littlemips)

.reginfo        0x00000000       0x18
 .reginfo       0x00000000       0x18 asm/hook.o

.pdr            0x00000000        0x0
 .pdr           0x00000000        0x0 asm/hook.o
 .pdr           0x00000000        0x0 asm/inventoryToPauseHook.o
 .pdr           0x00000000        0x0 asm/inventoryToGameplayHook.o
 .pdr           0x00000000        0x0 asm/inventoryToCreditsHook.o
 .pdr           0x00000000        0x0 asm/openInventoryHook.o
 .pdr           0x00000000        0x0 asm/cheat.o
 .pdr           0x00000000        0x0 asm/beforeInventoryUpdateHook.o
 .pdr           0x00000000        0x0 asm/beforePauseMenuUpdateHook.o
 .pdr           0x00000000        0x0 asm/quitGame.o
 .pdr           0x00000000        0x0 asm/menuTextHook.o
 .pdr           0x00000000        0x0 asm/beforeMenuTextHook.o
 .pdr           0x00000000        0x0 asm/beforeDeathHook.o
 .pdr           0x00000000        0x0 asm/dontDrawText1_pal.o
 .pdr           0x00000000        0x0 asm/dontDrawText2_pal.o
 .pdr           0x00000000        0x0 asm/disableChargeSound_pal.o
 .pdr           0x00000000        0x0 asm/overwriteRawInputs.o
 .pdr           0x00000000        0x0 asm/exitLevelHook.o
 .pdr           0x00000000        0x0 asm/stopSoundHook.o
 .pdr           0x00000000        0x0 asm/stopSoundHook2.o
 .pdr           0x00000000        0x0 asm/fairyFix.o

.gnu.attributes
                0x00000000       0x10
 .gnu.attributes
                0x00000000       0x10 asm/hook.o
 .gnu.attributes
                0x00000010       0x10 asm/inventoryToPauseHook.o
 .gnu.attributes
                0x00000020       0x10 asm/inventoryToGameplayHook.o
 .gnu.attributes
                0x00000030       0x10 asm/inventoryToCreditsHook.o
 .gnu.attributes
                0x00000040       0x10 asm/openInventoryHook.o
 .gnu.attributes
                0x00000050       0x10 asm/cheat.o
 .gnu.attributes
                0x00000060       0x10 asm/beforeInventoryUpdateHook.o
 .gnu.attributes
                0x00000070       0x10 asm/beforePauseMenuUpdateHook.o
 .gnu.attributes
                0x00000080       0x10 asm/quitGame.o
 .gnu.attributes
                0x00000090       0x10 asm/menuTextHook.o
 .gnu.attributes
                0x000000a0       0x10 asm/beforeMenuTextHook.o
 .gnu.attributes
                0x000000b0       0x10 asm/beforeDeathHook.o
 .gnu.attributes
                0x000000c0       0x10 asm/dontDrawText1_pal.o
 .gnu.attributes
                0x000000d0       0x10 asm/dontDrawText2_pal.o
 .gnu.attributes
                0x000000e0       0x10 asm/disableChargeSound_pal.o
 .gnu.attributes
                0x000000f0       0x10 asm/overwriteRawInputs.o
 .gnu.attributes
                0x00000100       0x10 asm/exitLevelHook.o
 .gnu.attributes
                0x00000110       0x10 asm/stopSoundHook.o
 .gnu.attributes
                0x00000120       0x10 asm/stopSoundHook2.o
 .gnu.attributes
                0x00000130       0x10 asm/fairyFix.o
 .gnu.attributes
                0x00000140       0x10 src/custom_title_screen.o
 .gnu.attributes
                0x00000150       0x10 src/main.o
 .gnu.attributes
                0x00000160       0x10 src/supercharge.o
 .gnu.attributes
                0x00000170       0x10 src/gametime.o
 .gnu.attributes
                0x00000180       0x10 src/custom_text.o
 .gnu.attributes
                0x00000190       0x10 src/misc_functions.o
 .gnu.attributes
                0x000001a0       0x10 src/check_region.o
 .gnu.attributes
                0x000001b0       0x10 src/misc_update.o
 .gnu.attributes
                0x000001c0       0x10 src/menu_hooks.o

.mdebug.abi32   0x00000000        0x0
 .mdebug.abi32  0x00000000        0x0 src/custom_title_screen.o
 .mdebug.abi32  0x00000000        0x0 src/main.o
 .mdebug.abi32  0x00000000        0x0 src/supercharge.o
 .mdebug.abi32  0x00000000        0x0 src/gametime.o
 .mdebug.abi32  0x00000000        0x0 src/custom_text.o
 .mdebug.abi32  0x00000000        0x0 src/misc_functions.o
 .mdebug.abi32  0x00000000        0x0 src/check_region.o
 .mdebug.abi32  0x00000000        0x0 src/misc_update.o
 .mdebug.abi32  0x00000000        0x0 src/menu_hooks.o

.comment        0x00000000       0x12
 .comment       0x00000000       0x12 src/custom_title_screen.o
                                 0x13 (size before relaxing)
 .comment       0x00000012       0x13 src/main.o
 .comment       0x00000012       0x13 src/supercharge.o
 .comment       0x00000012       0x13 src/gametime.o
 .comment       0x00000012       0x13 src/custom_text.o
 .comment       0x00000012       0x13 src/misc_functions.o
 .comment       0x00000012       0x13 src/check_region.o
 .comment       0x00000012       0x13 src/misc_update.o
 .comment       0x00000012       0x13 src/menu_hooks.o

.debug_info     0x00000000     0x6c53
 .debug_info    0x00000000      0x79c src/custom_title_screen.o
 .debug_info    0x0000079c      0x1a5 src/main.o
 .debug_info    0x00000941      0xf9b src/supercharge.o
 .debug_info    0x000018dc     0x134d src/gametime.o
 .debug_info    0x00002c29      0x144 src/custom_text.o
 .debug_info    0x00002d6d     0x1770 src/misc_functions.o
 .debug_info    0x000044dd       0xa5 src/check_region.o
 .debug_info    0x00004582     0x14bb src/misc_update.o
 .debug_info    0x00005a3d     0x1216 src/menu_hooks.o

.debug_abbrev   0x00000000     0x12c3
 .debug_abbrev  0x00000000      0x236 src/custom_title_screen.o
 .debug_abbrev  0x00000236       0xbc src/main.o
 .debug_abbrev  0x000002f2      0x22b src/supercharge.o
 .debug_abbrev  0x0000051d      0x356 src/gametime.o
 .debug_abbrev  0x00000873      0x11c src/custom_text.o
 .debug_abbrev  0x0000098f      0x352 src/misc_functions.o
 .debug_abbrev  0x00000ce1       0x86 src/check_region.o
 .debug_abbrev  0x00000d67      0x26a src/misc_update.o
 .debug_abbrev  0x00000fd1      0x2f2 src/menu_hooks.o

.debug_loclists
                0x00000000      0x5b9
 .debug_loclists
                0x00000000       0xd8 src/custom_title_screen.o
 .debug_loclists
                0x000000d8       0x28 src/supercharge.o
 .debug_loclists
                0x00000100      0x25c src/gametime.o
 .debug_loclists
                0x0000035c      0x126 src/misc_functions.o
 .debug_loclists
                0x00000482       0x41 src/misc_update.o
 .debug_loclists
                0x000004c3       0xf6 src/menu_hooks.o

.debug_aranges  0x00000000      0x228
 .debug_aranges
                0x00000000       0x28 src/custom_title_screen.o
 .debug_aranges
                0x00000028       0x28 src/main.o
 .debug_aranges
                0x00000050       0x40 src/supercharge.o
 .debug_aranges
                0x00000090       0x38 src/gametime.o
 .debug_aranges
                0x000000c8       0x20 src/custom_text.o
 .debug_aranges
                0x000000e8       0x98 src/misc_functions.o
 .debug_aranges
                0x00000180       0x20 src/check_region.o
 .debug_aranges
                0x000001a0       0x20 src/misc_update.o
 .debug_aranges
                0x000001c0       0x68 src/menu_hooks.o

.debug_rnglists
                0x00000000      0x2e2
 .debug_rnglists
                0x00000000       0x48 src/custom_title_screen.o
 .debug_rnglists
                0x00000048       0x19 src/main.o
 .debug_rnglists
                0x00000061       0x48 src/supercharge.o
 .debug_rnglists
                0x000000a9       0x65 src/gametime.o
 .debug_rnglists
                0x0000010e       0x1f src/custom_text.o
 .debug_rnglists
                0x0000012d       0x8e src/misc_functions.o
 .debug_rnglists
                0x000001bb       0x13 src/check_region.o
 .debug_rnglists
                0x000001ce       0x39 src/misc_update.o
 .debug_rnglists
                0x00000207       0xdb src/menu_hooks.o

.debug_line     0x00000000     0x3085
 .debug_line    0x00000000      0x54a src/custom_title_screen.o
 .debug_line    0x0000054a       0xe5 src/main.o
 .debug_line    0x0000062f      0x6ed src/supercharge.o
 .debug_line    0x00000d1c      0x5bf src/gametime.o
 .debug_line    0x000012db       0xec src/custom_text.o
 .debug_line    0x000013c7      0x8db src/misc_functions.o
 .debug_line    0x00001ca2       0xcb src/check_region.o
 .debug_line    0x00001d6d      0x5fa src/misc_update.o
 .debug_line    0x00002367      0xd1e src/menu_hooks.o

.debug_str      0x00000000     0x27f9
 .debug_str     0x00000000     0x27f9 src/custom_title_screen.o
                                0x8eb (size before relaxing)
 .debug_str     0x000027f9      0x368 src/main.o
 .debug_str     0x000027f9     0x141b src/supercharge.o
 .debug_str     0x000027f9     0x1287 src/gametime.o
 .debug_str     0x000027f9      0x210 src/custom_text.o
 .debug_str     0x000027f9     0x19be src/misc_functions.o
 .debug_str     0x000027f9      0x1d4 src/check_region.o
 .debug_str     0x000027f9     0x19dd src/misc_update.o
 .debug_str     0x000027f9      0xf45 src/menu_hooks.o

.debug_frame    0x00000000      0x550
 .debug_frame   0x00000000       0x5c src/custom_title_screen.o
 .debug_frame   0x0000005c       0x3c src/main.o
 .debug_frame   0x00000098       0x74 src/supercharge.o
 .debug_frame   0x0000010c       0xb8 src/gametime.o
 .debug_frame   0x000001c4       0x30 src/custom_text.o
 .debug_frame   0x000001f4      0x18c src/misc_functions.o
 .debug_frame   0x00000380       0x20 src/check_region.o
 .debug_frame   0x000003a0       0x3c src/misc_update.o
 .debug_frame   0x000003dc      0x174 src/menu_hooks.o
